$GNRMC,063332.00,A,3102.03020,N,11925.13919,E,0.026,,240326,,,D*65
$GNGGA,063332.00,3102.03020,N,11925.13919,E,2,12,0.57,45.9,M,4.8,M,,0000*4F
$GNRMC,063333.00,A,3102.03020,N,11925.13918,E,0.028,,240326,,,D*6B
$GNGGA,063333.00,3102.03020,N,11925.13918,E,2,12,0.57,45.9,M,4.8,M,,0000*4F
$GNRMC,063334.00,A,3102.03020,N,11925.13918,E,0.016,,240326,,,D*61
$GNGGA,063334.00,3102.03020,N,11925.13918,E,2,12,0.57,45.9,M,4.8,M,,0000*48
$GNRMC,063335.00,A,3102.03020,N,11925.13918,E,0.021,,240326,,,D*64
$GNGGA,063335.00,3102.03020,N,11925.13918,E,2,12,0.57,45.9,M,4.8,M,,0000*49
$GNRMC,063336.00,A,3102.03020,N,11925.13917,E,0.012,,240326,,,D*68
$GNGGA,063336.00,3102.03020,N,11925.13917,E,2,12,0.57,45.9,M,4.8,M,,0000*45
$GNRMC,063337.00,A,3102.03021,N,11925.13916,E,0.024,,240326,,,D*6C
$GNGGA,063337.00,3102.03021,N,11925.13916,E,2,12,0.57,45.9,M,4.8,M,,0000*44
$GNRMC,063338.00,A,3102.03021,N,11925.13915,E,0.027,,240326,,,D*63
$GNGGA,063338.00,3102.03021,N,11925.13915,E,2,12,0.57,46.0,M,4.8,M,,0000*42
$GNRMC,063339.00,A,3102.03021,N,11925.13915,E,0.017,,240326,,,D*61
$GNGGA,063339.00,3102.03021,N,11925.13915,E,2,12,0.57,46.0,M,4.8,M,,0000*43
$GNRMC,063340.00,A,3102.03022,N,11925.13914,E,0.018,,240326,,,D*62
$GNGGA,063340.00,3102.03022,N,11925.13914,E,2,12,0.57,46.0,M,4.8,M,,0000*4F
$GNRMC,063341.00,A,3102.03022,N,11925.13914,E,0.024,,240326,,,D*6C
$GNGGA,063341.00,3102.03022,N,11925.13914,E,2,12,0.57,46.0,M,4.8,M,,0000*4E
$GNRMC,063342.00,A,3102.03021,N,11925.13914,E,0.047,,240326,,,D*69
$GNGGA,063342.00,3102.03021,N,11925.13914,E,2,12,0.57,46.0,M,4.8,M,,0000*4E
$GNRMC,063343.00,A,3102.03021,N,11925.13914,E,0.016,,240326,,,D*6C
$GNGGA,063343.00,3102.03021,N,11925.13914,E,2,12,0.57,46.0,M,4.8,M,,0000*4F
$GNRMC,063344.00,A,3102.03022,N,11925.13913,E,0.025,,240326,,,D*6F
$GNGGA,063344.00,3102.03022,N,11925.13913,E,2,12,0.57,46.0,M,4.8,M,,0000*4C
$GNRMC,063345.00,A,3102.03023,N,11925.13913,E,0.025,,240326,,,D*6F
$GNGGA,063345.00,3102.03023,N,11925.13913,E,2,12,0.57,46.0,M,4.8,M,,0000*4C
$GNRMC,063346.00,A,3102.03024,N,11925.13912,E,0.017,,240326,,,D*6B
$GNGGA,063346.00,3102.03024,N,11925.13912,E,2,12,0.57,46.0,M,4.8,M,,0000*49
$GNRMC,063347.00,A,3102.03026,N,11925.13911,E,0.026,,240326,,,D*69
$GNGGA,063347.00,3102.03026,N,11925.13911,E,2,12,0.57,46.0,M,4.8,M,,0000*49
$GNRMC,063348.00,A,3102.03027,N,11925.13910,E,0.025,,240326,,,D*65
$GNGGA,063348.00,3102.03027,N,11925.13910,E,2,12,0.57,46.0,M,4.8,M,,0000*46
$GNRMC,063349.00,A,3102.03028,N,11925.13910,E,0.032,,240326,,,D*6D
$GNGGA,063349.00,3102.03028,N,11925.13910,E,2,12,0.57,46.0,M,4.8,M,,0000*48
$GNRMC,063350.00,A,3102.03030,N,11925.13910,E,0.021,,240326,,,D*6E
$GNGGA,063350.00,3102.03030,N,11925.13910,E,2,12,0.57,46.0,M,4.8,M,,0000*49
$GNRMC,063351.00,A,3102.03033,N,11925.13908,E,0.016,,240326,,,D*61
$GNGGA,063351.00,3102.03033,N,11925.13908,E,2,12,0.57,46.0,M,4.8,M,,0000*42
$GNRMC,063352.00,A,3102.03035,N,11925.13906,E,0.015,,240326,,,D*69
$GNGGA,063352.00,3102.03035,N,11925.13906,E,2,12,0.57,46.0,M,4.8,M,,0000*49
$GNRMC,063353.00,A,3102.03037,N,11925.13906,E,0.012,,240326,,,D*6D
$GNGGA,063353.00,3102.03037,N,11925.13906,E,2,12,0.57,46.0,M,4.8,M,,0000*4A
$GNRMC,063354.00,A,3102.03038,N,11925.13906,E,0.014,,240326,,,D*63
$GNGGA,063354.00,3102.03038,N,11925.13906,E,2,12,0.57,46.1,M,4.8,M,,0000*43
$GNRMC,063355.00,A,3102.03040,N,11925.13904,E,0.026,,240326,,,D*6E
$GNGGA,063355.00,3102.03040,N,11925.13904,E,2,12,0.57,46.1,M,4.8,M,,0000*4F
$GNRMC,063356.00,A,3102.03041,N,11925.13905,E,0.024,,240326,,,D*6F
$GNGGA,063356.00,3102.03041,N,11925.13905,E,2,12,0.57,46.1,M,4.8,M,,0000*4C
$GNRMC,063357.00,A,3102.03043,N,11925.13904,E,0.020,,240326,,,D*69
$GNGGA,063357.00,3102.03043,N,11925.13904,E,2,12,0.57,46.2,M,4.8,M,,0000*4D
$GNRMC,063358.00,A,3102.03044,N,11925.13905,E,0.012,,240326,,,D*61
$GNGGA,063358.00,3102.03044,N,11925.13905,E,2,12,0.57,46.2,M,4.8,M,,0000*44
$GNRMC,063359.00,A,3102.03046,N,11925.13906,E,0.029,,240326,,,D*69
$GNGGA,063359.00,3102.03046,N,11925.13906,E,2,12,0.57,46.2,M,4.8,M,,0000*44
$GNRMC,063400.00,A,3102.03047,N,11925.13906,E,0.006,,240326,,,D*6E
$GNGGA,063400.00,3102.03047,N,11925.13906,E,2,12,0.57,46.2,M,4.8,M,,0000*4E
$GNRMC,063401.00,A,3102.03048,N,11925.13905,E,0.022,,240326,,,D*65
$GNGGA,063401.00,3102.03048,N,11925.13905,E,2,12,0.57,46.2,M,4.8,M,,0000*43
$GNRMC,063402.00,A,3102.03049,N,11925.13904,E,0.036,,240326,,,D*63
$GNGGA,063402.00,3102.03049,N,11925.13904,E,2,12,0.57,46.2,M,4.8,M,,0000*40
$GNRMC,063403.00,A,3102.03049,N,11925.13903,E,0.014,,240326,,,D*65
$GNGGA,063403.00,3102.03049,N,11925.13903,E,2,12,0.57,46.2,M,4.8,M,,0000*46
$GNRMC,063404.00,A,3102.03049,N,11925.13903,E,0.017,,240326,,,D*61
$GNGGA,063404.00,3102.03049,N,11925.13903,E,2,12,0.57,46.2,M,4.8,M,,0000*41
$GNRMC,063405.00,A,3102.03050,N,11925.13902,E,0.024,,240326,,,D*69
$GNGGA,063405.00,3102.03050,N,11925.13902,E,2,12,0.57,46.2,M,4.8,M,,0000*49
$GNRMC,063406.00,A,3102.03052,N,11925.13901,E,0.018,,240326,,,D*64
$GNGGA,063406.00,3102.03052,N,11925.13901,E,2,12,0.57,46.2,M,4.8,M,,0000*4B
$GNRMC,063407.00,A,3102.03053,N,11925.13900,E,0.015,,240326,,,D*68
$GNGGA,063407.00,3102.03053,N,11925.13900,E,2,12,0.57,46.2,M,4.8,M,,0000*4A
$GNRMC,063408.00,A,3102.03055,N,11925.13899,E,0.027,,240326,,,D*61
$GNGGA,063408.00,3102.03055,N,11925.13899,E,2,12,0.57,46.2,M,4.8,M,,0000*42
$GNRMC,063409.00,A,3102.03056,N,11925.13899,E,0.017,,240326,,,D*60
$GNGGA,063409.00,3102.03056,N,11925.13899,E,2,12,0.57,46.2,M,4.8,M,,0000*40
$GNRMC,063410.00,A,3102.03056,N,11925.13898,E,0.028,,240326,,,D*65
$GNGGA,063410.00,3102.03056,N,11925.13898,E,2,12,0.57,46.2,M,4.8,M,,0000*49
$GNRMC,063411.00,A,3102.03058,N,11925.13898,E,0.022,,240326,,,D*60
$GNGGA,063411.00,3102.03058,N,11925.13898,E,2,12,0.57,46.2,M,4.8,M,,0000*46
$GNRMC,063412.00,A,3102.03060,N,11925.13897,E,0.024,,240326,,,D*61
$GNGGA,063412.00,3102.03060,N,11925.13897,E,2,12,0.57,46.2,M,4.8,M,,0000*41
$GNRMC,063413.00,A,3102.03061,N,11925.13897,E,0.012,,240326,,,D*64
$GNGGA,063413.00,3102.03061,N,11925.13897,E,2,12,0.57,46.2,M,4.8,M,,0000*41
$GNRMC,063414.00,A,3102.03063,N,11925.13896,E,0.012,,240326,,,D*60
$GNGGA,063414.00,3102.03063,N,11925.13896,E,2,12,0.57,46.2,M,4.8,M,,0000*45
$GNRMC,063415.00,A,3102.03064,N,11925.13896,E,0.030,,240326,,,D*66
$GNGGA,063415.00,3102.03064,N,11925.13896,E,2,12,0.57,46.2,M,4.8,M,,0000*43
$GNRMC,063416.00,A,3102.03064,N,11925.13897,E,0.017,,240326,,,D*61
$GNGGA,063416.00,3102.03064,N,11925.13897,E,2,12,0.57,46.2,M,4.8,M,,0000*41
$GNRMC,063417.00,A,3102.03066,N,11925.13897,E,0.022,,240326,,,D*64
$GNGGA,063417.00,3102.03066,N,11925.13897,E,2,12,0.57,46.2,M,4.8,M,,0000*42
$GNRMC,063418.00,A,3102.03067,N,11925.13898,E,0.027,,240326,,,D*60
$GNGGA,063418.00,3102.03067,N,11925.13898,E,2,12,0.57,46.3,M,4.8,M,,0000*42
$GNRMC,063419.00,A,3102.03070,N,11925.13897,E,0.010,,240326,,,D*6C
$GNGGA,063419.00,3102.03070,N,11925.13897,E,2,12,0.57,46.3,M,4.8,M,,0000*4A
$GNRMC,063420.00,A,3102.03071,N,11925.13896,E,0.028,,240326,,,D*6D
$GNGGA,063420.00,3102.03071,N,11925.13896,E,2,12,0.57,46.3,M,4.8,M,,0000*40
$GNRMC,063421.00,A,3102.03073,N,11925.13895,E,0.024,,240326,,,D*61
$GNGGA,063421.00,3102.03073,N,11925.13895,E,2,12,0.57,46.4,M,4.8,M,,0000*47
$GNRMC,063422.00,A,3102.03074,N,11925.13894,E,0.020,,240326,,,D*60
$GNGGA,063422.00,3102.03074,N,11925.13894,E,2,12,0.57,46.4,M,4.8,M,,0000*42
$GNRMC,063423.00,A,3102.03075,N,11925.13895,E,0.030,,240326,,,D*60
$GNGGA,063423.00,3102.03075,N,11925.13895,E,2,12,0.57,46.4,M,4.8,M,,0000*43
$GNRMC,063424.00,A,3102.03075,N,11925.13896,E,0.025,,240326,,,D*60
$GNGGA,063424.00,3102.03075,N,11925.13896,E,2,12,0.57,46.5,M,4.8,M,,0000*46
$GNRMC,063425.00,A,3102.03073,N,11925.13898,E,0.030,,240326,,,D*6D
$GNGGA,063425.00,3102.03073,N,11925.13898,E,2,12,0.57,46.5,M,4.8,M,,0000*4F
$GNRMC,063426.00,A,3102.03073,N,11925.13898,E,0.031,,240326,,,D*6F
$GNGGA,063426.00,3102.03073,N,11925.13898,E,2,12,0.57,46.6,M,4.8,M,,0000*4F
$GNRMC,063427.00,A,3102.03071,N,11925.13900,E,0.022,,240326,,,D*6E
$GNGGA,063427.00,3102.03071,N,11925.13900,E,2,12,0.57,46.6,M,4.8,M,,0000*4C
$GNRMC,063428.00,A,3102.03071,N,11925.13901,E,0.008,,240326,,,D*68
$GNGGA,063428.00,3102.03071,N,11925.13901,E,2,12,0.57,46.7,M,4.8,M,,0000*43
$GNRMC,063429.00,A,3102.03070,N,11925.13901,E,0.011,,240326,,,D*60
$GNGGA,063429.00,3102.03070,N,11925.13901,E,2,12,0.59,46.7,M,4.8,M,,0000*4D
$GNRMC,063430.00,A,3102.03070,N,11925.13900,E,0.013,,240326,,,D*6B
$GNGGA,063430.00,3102.03070,N,11925.13900,E,2,12,0.59,46.7,M,4.8,M,,0000*44
$GNRMC,063431.00,A,3102.03070,N,11925.13898,E,0.024,,240326,,,D*6E
$GNGGA,063431.00,3102.03070,N,11925.13898,E,2,12,0.59,46.7,M,4.8,M,,0000*45
$GNRMC,063432.00,A,3102.03069,N,11925.13898,E,0.011,,240326,,,D*63
$GNGGA,063432.00,3102.03069,N,11925.13898,E,2,12,0.57,46.7,M,4.8,M,,0000*40
$GNRMC,063433.00,A,3102.03069,N,11925.13896,E,0.013,,240326,,,D*6E
$GNGGA,063433.00,3102.03069,N,11925.13896,E,2,12,0.57,46.7,M,4.8,M,,0000*4F
$GNRMC,063434.00,A,3102.03069,N,11925.13896,E,0.002,,240326,,,D*69
$GNGGA,063434.00,3102.03069,N,11925.13896,E,2,12,0.57,46.7,M,4.8,M,,0000*48
$GNRMC,063435.00,A,3102.03069,N,11925.13895,E,0.015,,240326,,,D*6D
$GNGGA,063435.00,3102.03069,N,11925.13895,E,2,12,0.57,46.7,M,4.8,M,,0000*4A
$GNRMC,063436.00,A,3102.03068,N,11925.13896,E,0.027,,240326,,,D*6D
$GNGGA,063436.00,3102.03068,N,11925.13896,E,2,12,0.57,46.8,M,4.8,M,,0000*44
$GNRMC,063437.00,A,3102.03068,N,11925.13895,E,0.022,,240326,,,D*6A
$GNGGA,063437.00,3102.03068,N,11925.13895,E,2,12,0.57,46.8,M,4.8,M,,0000*46
$GNRMC,063438.00,A,3102.03068,N,11925.13896,E,0.007,,240326,,,D*61
$GNGGA,063438.00,3102.03068,N,11925.13896,E,2,12,0.57,46.8,M,4.8,M,,0000*4A
$GNRMC,063439.00,A,3102.03067,N,11925.13896,E,0.020,,240326,,,D*6A
$GNGGA,063439.00,3102.03067,N,11925.13896,E,2,12,0.57,46.8,M,4.8,M,,0000*44
$GNRMC,063440.00,A,3102.03067,N,11925.13896,E,0.009,,240326,,,D*6F
$GNGGA,063440.00,3102.03067,N,11925.13896,E,2,12,0.57,46.8,M,4.8,M,,0000*4A
$GNRMC,063441.00,A,3102.03066,N,11925.13896,E,0.030,,240326,,,D*65
$GNGGA,063441.00,3102.03066,N,11925.13896,E,2,12,0.57,46.8,M,4.8,M,,0000*4A
$GNRMC,063442.00,A,3102.03065,N,11925.13897,E,0.023,,240326,,,D*66
$GNGGA,063442.00,3102.03065,N,11925.13897,E,2,12,0.57,46.8,M,4.8,M,,0000*4B
$GNRMC,063443.00,A,3102.03064,N,11925.13896,E,0.018,,240326,,,D*6F
$GNGGA,063443.00,3102.03064,N,11925.13896,E,2,12,0.57,46.8,M,4.8,M,,0000*4A
$GNRMC,063444.00,A,3102.03063,N,11925.13897,E,0.009,,240326,,,D*6E
$GNGGA,063444.00,3102.03063,N,11925.13897,E,2,12,0.57,46.8,M,4.8,M,,0000*4B
$GNRMC,063445.00,A,3102.03061,N,11925.13898,E,0.013,,240326,,,D*69
$GNGGA,063445.00,3102.03061,N,11925.13898,E,2,12,0.57,46.8,M,4.8,M,,0000*47
$GNRMC,063446.00,A,3102.03060,N,11925.13898,E,0.009,,240326,,,D*60
$GNGGA,063446.00,3102.03060,N,11925.13898,E,2,12,0.57,46.9,M,4.8,M,,0000*44
$GNRMC,063447.00,A,3102.03058,N,11925.13897,E,0.037,,240326,,,D*68
$GNGGA,063447.00,3102.03058,N,11925.13897,E,2,12,0.57,46.9,M,4.8,M,,0000*41
$GNRMC,063448.00,A,3102.03056,N,11925.13897,E,0.029,,240326,,,D*66
$GNGGA,063448.00,3102.03056,N,11925.13897,E,2,12,0.57,46.9,M,4.8,M,,0000*40
$GNRMC,063449.00,A,3102.03054,N,11925.13898,E,0.015,,240326,,,D*65
$GNGGA,063449.00,3102.03054,N,11925.13898,E,2,12,0.57,46.9,M,4.8,M,,0000*4C
$GNRMC,063450.00,A,3102.03052,N,11925.13897,E,0.026,,240326,,,D*64
$GNGGA,063450.00,3102.03052,N,11925.13897,E,2,12,0.57,47.0,M,4.8,M,,0000*45
$GNRMC,063451.00,A,3102.03051,N,11925.13897,E,0.025,,240326,,,D*65
$GNGGA,063451.00,3102.03051,N,11925.13897,E,2,12,0.57,47.0,M,4.8,M,,0000*47
$GNRMC,063452.00,A,3102.03049,N,11925.13896,E,0.035,,240326,,,D*6F
$GNGGA,063452.00,3102.03049,N,11925.13896,E,2,12,0.57,47.0,M,4.8,M,,0000*4C
$GNRMC,063453.00,A,3102.03048,N,11925.13896,E,0.024,,240326,,,D*6F
$GNGGA,063453.00,3102.03048,N,11925.13896,E,2,12,0.57,47.0,M,4.8,M,,0000*4C
$GNRMC,063454.00,A,3102.03046,N,11925.13897,E,0.024,,240326,,,D*67
$GNGGA,063454.00,3102.03046,N,11925.13897,E,2,12,0.57,47.0,M,4.8,M,,0000*44
$GNRMC,063455.00,A,3102.03045,N,11925.13897,E,0.013,,240326,,,D*61
$GNGGA,063455.00,3102.03045,N,11925.13897,E,2,12,0.57,47.0,M,4.8,M,,0000*46
$GNRMC,063456.00,A,3102.03044,N,11925.13898,E,0.013,,240326,,,D*6C
$GNGGA,063456.00,3102.03044,N,11925.13898,E,2,12,0.57,47.0,M,4.8,M,,0000*4B
$GNRMC,063457.00,A,3102.03042,N,11925.13898,E,0.028,,240326,,,D*63
$GNGGA,063457.00,3102.03042,N,11925.13898,E,2,12,0.57,47.0,M,4.8,M,,0000*4C
$GNRMC,063458.00,A,3102.03040,N,11925.13898,E,0.022,,240326,,,D*64
$GNGGA,063458.00,3102.03040,N,11925.13898,E,2,12,0.57,46.9,M,4.8,M,,0000*49
$GNRMC,063459.00,A,3102.03039,N,11925.13898,E,0.025,,240326,,,D*6C
$GNGGA,063459.00,3102.03039,N,11925.13898,E,2,12,0.57,46.9,M,4.8,M,,0000*46
$GNRMC,063500.00,A,3102.03037,N,11925.13898,E,0.014,,240326,,,D*6D
$GNGGA,063500.00,3102.03037,N,11925.13898,E,2,12,0.57,46.9,M,4.8,M,,0000*45
$GNRMC,063501.00,A,3102.03035,N,11925.13899,E,0.029,,240326,,,D*61
$GNGGA,063501.00,3102.03035,N,11925.13899,E,2,12,0.57,46.9,M,4.8,M,,0000*47
$GNRMC,063502.00,A,3102.03033,N,11925.13899,E,0.019,,240326,,,D*67
$GNGGA,063502.00,3102.03033,N,11925.13899,E,2,12,0.57,46.9,M,4.8,M,,0000*42
$GNRMC,063503.00,A,3102.03031,N,11925.13900,E,0.015,,240326,,,D*69
$GNGGA,063503.00,3102.03031,N,11925.13900,E,2,12,0.57,46.8,M,4.8,M,,0000*41
$GNRMC,063504.00,A,3102.03029,N,11925.13902,E,0.005,,240326,,,D*64
$GNGGA,063504.00,3102.03029,N,11925.13902,E,2,12,0.57,46.8,M,4.8,M,,0000*4D
$GNRMC,063505.00,A,3102.03028,N,11925.13903,E,0.018,,240326,,,D*69
$GNGGA,063505.00,3102.03028,N,11925.13903,E,2,12,0.57,46.8,M,4.8,M,,0000*4C
$GNRMC,063506.00,A,3102.03026,N,11925.13905,E,0.018,,240326,,,D*62
$GNGGA,063506.00,3102.03026,N,11925.13905,E,2,12,0.57,46.7,M,4.8,M,,0000*48
$GNRMC,063507.00,A,3102.03024,N,11925.13906,E,0.023,,240326,,,D*6A
$GNGGA,063507.00,3102.03024,N,11925.13906,E,2,12,0.57,46.7,M,4.8,M,,0000*48
$GNRMC,063508.00,A,3102.03023,N,11925.13908,E,0.027,,240326,,,D*68
$GNGGA,063508.00,3102.03023,N,11925.13908,E,2,12,0.57,46.7,M,4.8,M,,0000*4E
$GNRMC,063509.00,A,3102.03021,N,11925.13909,E,0.023,,240326,,,D*6E
$GNGGA,063509.00,3102.03021,N,11925.13909,E,2,12,0.57,46.6,M,4.8,M,,0000*4D
$GNRMC,063510.00,A,3102.03020,N,11925.13910,E,0.024,,240326,,,D*68
$GNGGA,063510.00,3102.03020,N,11925.13910,E,2,12,0.57,46.6,M,4.8,M,,0000*4C
$GNRMC,063511.00,A,3102.03019,N,11925.13911,E,0.007,,240326,,,D*63
$GNGGA,063511.00,3102.03019,N,11925.13911,E,2,12,0.57,46.6,M,4.8,M,,0000*46
$GNRMC,063512.00,A,3102.03017,N,11925.13912,E,0.009,,240326,,,D*63
$GNGGA,063512.00,3102.03017,N,11925.13912,E,2,12,0.57,46.6,M,4.8,M,,0000*48
$GNRMC,063513.00,A,3102.03016,N,11925.13912,E,0.020,,240326,,,D*68
$GNGGA,063513.00,3102.03016,N,11925.13912,E,2,12,0.57,46.5,M,4.8,M,,0000*4B
$GNRMC,063514.00,A,3102.03015,N,11925.13913,E,0.016,,240326,,,D*68
$GNGGA,063514.00,3102.03015,N,11925.13913,E,2,12,0.57,46.5,M,4.8,M,,0000*4E
$GNRMC,063515.00,A,3102.03014,N,11925.13913,E,0.021,,240326,,,D*6C
$GNGGA,063515.00,3102.03014,N,11925.13913,E,2,12,0.57,46.5,M,4.8,M,,0000*4E
$GNRMC,063516.00,A,3102.03013,N,11925.13913,E,0.011,,240326,,,D*6B
$GNGGA,063516.00,3102.03013,N,11925.13913,E,2,12,0.57,46.5,M,4.8,M,,0000*4A
$GNRMC,063517.00,A,3102.03013,N,11925.13914,E,0.007,,240326,,,D*6A
$GNGGA,063517.00,3102.03013,N,11925.13914,E,2,12,0.57,46.4,M,4.8,M,,0000*4D
$GNRMC,063518.00,A,3102.03012,N,11925.13914,E,0.059,,240326,,,D*6F
$GNGGA,063518.00,3102.03012,N,11925.13914,E,2,12,0.57,46.4,M,4.8,M,,0000*43
$GNRMC,063519.00,A,3102.03010,N,11925.13914,E,0.028,,240326,,,D*6A
$GNGGA,063519.00,3102.03010,N,11925.13914,E,2,12,0.57,46.4,M,4.8,M,,0000*40
$GNRMC,063520.00,A,3102.03009,N,11925.13914,E,0.022,,240326,,,D*62
$GNGGA,063520.00,3102.03009,N,11925.13914,E,2,12,0.57,46.5,M,4.8,M,,0000*43
$GNRMC,063521.00,A,3102.03009,N,11925.13914,E,0.015,,240326,,,D*67
$GNGGA,063521.00,3102.03009,N,11925.13914,E,2,12,0.57,46.5,M,4.8,M,,0000*42
$GNRMC,063522.00,A,3102.03008,N,11925.13913,E,0.024,,240326,,,D*60
$GNGGA,063522.00,3102.03008,N,11925.13913,E,2,12,0.57,46.5,M,4.8,M,,0000*47
$GNRMC,063523.00,A,3102.03008,N,11925.13913,E,0.008,,240326,,,D*6F
$GNGGA,063523.00,3102.03008,N,11925.13913,E,2,12,0.57,46.5,M,4.8,M,,0000*46
$GNRMC,063524.00,A,3102.03008,N,11925.13912,E,0.020,,240326,,,D*63
$GNGGA,063524.00,3102.03008,N,11925.13912,E,2,12,0.57,46.5,M,4.8,M,,0000*40
$GNRMC,063525.00,A,3102.03008,N,11925.13912,E,0.006,,240326,,,D*66
$GNGGA,063525.00,3102.03008,N,11925.13912,E,2,12,0.57,46.5,M,4.8,M,,0000*41
$GNRMC,063526.00,A,3102.03007,N,11925.13911,E,0.024,,240326,,,D*69
$GNGGA,063526.00,3102.03007,N,11925.13911,E,2,12,0.57,46.5,M,4.8,M,,0000*4E
$GNRMC,063527.00,A,3102.03006,N,11925.13911,E,0.021,,240326,,,D*6C
$GNGGA,063527.00,3102.03006,N,11925.13911,E,2,12,0.57,46.5,M,4.8,M,,0000*4E
$GNRMC,063528.00,A,3102.03006,N,11925.13909,E,0.017,,240326,,,D*6F
$GNGGA,063528.00,3102.03006,N,11925.13909,E,2,12,0.57,46.4,M,4.8,M,,0000*49
$GNRMC,063529.00,A,3102.03006,N,11925.13909,E,0.008,,240326,,,D*60
$GNGGA,063529.00,3102.03006,N,11925.13909,E,2,12,0.57,46.4,M,4.8,M,,0000*48
$GNRMC,063530.00,A,3102.03005,N,11925.13907,E,0.039,,240326,,,D*67
$GNGGA,063530.00,3102.03005,N,11925.13907,E,2,12,0.57,46.4,M,4.8,M,,0000*4D
$GNRMC,063531.00,A,3102.03005,N,11925.13906,E,0.015,,240326,,,D*69
$GNGGA,063531.00,3102.03005,N,11925.13906,E,2,12,0.57,46.4,M,4.8,M,,0000*4D
$GNRMC,063532.00,A,3102.03004,N,11925.13905,E,0.022,,240326,,,D*6C
$GNGGA,063532.00,3102.03004,N,11925.13905,E,2,12,0.57,46.3,M,4.8,M,,0000*4B
$GNRMC,063533.00,A,3102.03003,N,11925.13905,E,0.008,,240326,,,D*62
$GNGGA,063533.00,3102.03003,N,11925.13905,E,2,12,0.54,46.4,M,4.8,M,,0000*49
$GNRMC,063534.00,A,3102.03002,N,11925.13904,E,0.028,,240326,,,D*67
$GNGGA,063534.00,3102.03002,N,11925.13904,E,2,12,0.54,46.3,M,4.8,M,,0000*49
$GNRMC,063535.00,A,3102.03002,N,11925.13904,E,0.010,,240326,,,D*6D
$GNGGA,063535.00,3102.03002,N,11925.13904,E,2,12,0.54,46.3,M,4.8,M,,0000*48
$GNGGA,063536.00,3102.03001,N,11925.13904,E,2,12,0.54,46.3,M,4.8,M,,0000*48
$GNRMC,063537.00,A,3102.03000,N,11925.13904,E,0.004,,240326,,,D*68
$GNGGA,063537.00,3102.03000,N,11925.13904,E,2,12,0.54,46.3,M,4.8,M,,0000*48
$GNRMC,063538.00,A,3102.03000,N,11925.13905,E,0.016,,240326,,,D*65
$GNGGA,063538.00,3102.03000,N,11925.13905,E,2,12,0.54,46.2,M,4.8,M,,0000*47
$GNRMC,063539.00,A,3102.02999,N,11925.13905,E,0.018,,240326,,,D*62
$GNGGA,063539.00,3102.02999,N,11925.13905,E,2,12,0.54,46.2,M,4.8,M,,0000*4E
$GNRMC,063540.00,A,3102.02999,N,11925.13906,E,0.006,,240326,,,D*60
$GNGGA,063540.00,3102.02999,N,11925.13906,E,2,12,0.54,46.2,M,4.8,M,,0000*43
$GNRMC,063541.00,A,3102.02998,N,11925.13906,E,0.007,,240326,,,D*61
$GNGGA,063541.00,3102.02998,N,11925.13906,E,2,12,0.54,46.2,M,4.8,M,,0000*43
$GNRMC,063542.00,A,3102.02997,N,11925.13906,E,0.015,,240326,,,D*6E
$GNGGA,063542.00,3102.02997,N,11925.13906,E,2,12,0.53,46.2,M,4.8,M,,0000*48
$GNRMC,063543.00,A,3102.02996,N,11925.13906,E,0.023,,240326,,,D*6B
$GNGGA,063543.00,3102.02996,N,11925.13906,E,2,12,0.53,46.2,M,4.8,M,,0000*48
$GNRMC,063544.00,A,3102.02995,N,11925.13906,E,0.013,,240326,,,D*6C
$GNGGA,063544.00,3102.02995,N,11925.13906,E,2,12,0.53,46.1,M,4.8,M,,0000*4F
$GNRMC,063545.00,A,3102.02994,N,11925.13905,E,0.018,,240326,,,D*64
$GNGGA,063545.00,3102.02994,N,11925.13905,E,2,12,0.53,46.1,M,4.8,M,,0000*4C
$GNRMC,063546.00,A,3102.02993,N,11925.13905,E,0.021,,240326,,,D*6A
$GNGGA,063546.00,3102.02993,N,11925.13905,E,2,12,0.53,46.1,M,4.8,M,,0000*48
$GNRMC,063547.00,A,3102.02992,N,11925.13905,E,0.028,,240326,,,D*63
$GNGGA,063547.00,3102.02992,N,11925.13905,E,2,12,0.53,46.1,M,4.8,M,,0000*48
$GNRMC,063548.00,A,3102.02991,N,11925.13905,E,0.017,,240326,,,D*63
$GNGGA,063548.00,3102.02991,N,11925.13905,E,2,12,0.53,46.0,M,4.8,M,,0000*45
$GNRMC,063549.00,A,3102.02990,N,11925.13905,E,0.023,,240326,,,D*64
$GNGGA,063549.00,3102.02990,N,11925.13905,E,2,12,0.53,46.0,M,4.8,M,,0000*45
$GNRMC,063550.00,A,3102.02990,N,11925.13905,E,0.031,,240326,,,D*6F
$GNGGA,063550.00,3102.02990,N,11925.13905,E,2,12,0.53,46.0,M,4.8,M,,0000*4D
$GNRMC,063551.00,A,3102.02990,N,11925.13905,E,0.010,,240326,,,D*6D
$GNGGA,063551.00,3102.02990,N,11925.13905,E,2,12,0.53,46.0,M,4.8,M,,0000*4C
$GNRMC,063552.00,A,3102.02990,N,11925.13905,E,0.023,,240326,,,D*6E
$GNGGA,063552.00,3102.02990,N,11925.13905,E,2,12,0.53,46.0,M,4.8,M,,0000*4F
$GNRMC,063553.00,A,3102.02990,N,11925.13905,E,0.002,,240326,,,D*6C
$GNGGA,063553.00,3102.02990,N,11925.13905,E,2,12,0.53,46.0,M,4.8,M,,0000*4E
$GNRMC,063554.00,A,3102.02990,N,11925.13904,E,0.025,,240326,,,D*6F
$GNGGA,063554.00,3102.02990,N,11925.13904,E,2,12,0.53,45.9,M,4.8,M,,0000*42
$GNRMC,063555.00,A,3102.02990,N,11925.13903,E,0.018,,240326,,,D*67
$GNGGA,063555.00,3102.02990,N,11925.13903,E,2,12,0.53,45.9,M,4.8,M,,0000*44
$GNRMC,063556.00,A,3102.02989,N,11925.13902,E,0.025,,240326,,,D*63
$GNGGA,063556.00,3102.02989,N,11925.13902,E,2,12,0.53,45.9,M,4.8,M,,0000*4E
$GNRMC,063557.00,A,3102.02989,N,11925.13901,E,0.007,,240326,,,D*61
$GNGGA,063557.00,3102.02989,N,11925.13901,E,2,12,0.53,45.9,M,4.8,M,,0000*4C
$GNRMC,063558.00,A,3102.02989,N,11925.13900,E,0.012,,240326,,,D*6B
$GNGGA,063558.00,3102.02989,N,11925.13900,E,2,12,0.53,45.9,M,4.8,M,,0000*42
$GNRMC,063559.00,A,3102.02989,N,11925.13899,E,0.025,,240326,,,D*6F
$GNGGA,063559.00,3102.02989,N,11925.13899,E,2,12,0.53,45.9,M,4.8,M,,0000*42
$GNRMC,063600.00,A,3102.02990,N,11925.13898,E,0.015,,240326,,,D*6A
$GNGGA,063600.00,3102.02990,N,11925.13898,E,2,12,0.53,45.9,M,4.8,M,,0000*44
$GNRMC,063601.00,A,3102.02990,N,11925.13897,E,0.031,,240326,,,D*62
$GNGGA,063601.00,3102.02990,N,11925.13897,E,2,12,0.53,45.8,M,4.8,M,,0000*4B
$GNRMC,063602.00,A,3102.02990,N,11925.13896,E,0.027,,240326,,,D*67
$GNGGA,063602.00,3102.02990,N,11925.13896,E,2,12,0.53,45.8,M,4.8,M,,0000*49
$GNRMC,063603.00,A,3102.02991,N,11925.13896,E,0.020,,240326,,,D*60
$GNGGA,063603.00,3102.02991,N,11925.13896,E,2,12,0.53,45.8,M,4.8,M,,0000*49
$GNRMC,063604.00,A,3102.02991,N,11925.13896,E,0.020,,240326,,,D*67
$GNGGA,063604.00,3102.02991,N,11925.13896,E,2,12,0.53,45.8,M,4.8,M,,0000*4E
$GNRMC,063605.00,A,3102.02992,N,11925.13896,E,0.008,,240326,,,D*6F
$GNGGA,063605.00,3102.02992,N,11925.13896,E,2,12,0.53,45.8,M,4.8,M,,0000*4C
$GNRMC,063606.00,A,3102.02992,N,11925.13896,E,0.013,,240326,,,D*66
$GNGGA,063606.00,3102.02992,N,11925.13896,E,2,12,0.53,45.8,M,4.8,M,,0000*4F
$GNRMC,063607.00,A,3102.02992,N,11925.13896,E,0.014,,240326,,,D*60
$GNGGA,063607.00,3102.02992,N,11925.13896,E,2,12,0.53,45.8,M,4.8,M,,0000*4E
$GNRMC,063608.00,A,3102.02992,N,11925.13896,E,0.029,,240326,,,D*61
$GNGGA,063608.00,3102.02992,N,11925.13896,E,2,12,0.53,45.8,M,4.8,M,,0000*41
$GNRMC,063609.00,A,3102.02993,N,11925.13895,E,0.019,,240326,,,D*61
$GNGGA,063609.00,3102.02993,N,11925.13895,E,2,12,0.53,45.8,M,4.8,M,,0000*42
$GNRMC,063610.00,A,3102.02993,N,11925.13895,E,0.011,,240326,,,D*61
$GNGGA,063610.00,3102.02993,N,11925.13895,E,2,12,0.53,45.8,M,4.8,M,,0000*4A
$GNRMC,063611.00,A,3102.02993,N,11925.13894,E,0.015,,240326,,,D*65
$GNGGA,063611.00,3102.02993,N,11925.13894,E,2,12,0.53,45.7,M,4.8,M,,0000*45
$GNRMC,063612.00,A,3102.02993,N,11925.13894,E,0.038,,240326,,,D*69
$GNGGA,063612.00,3102.02993,N,11925.13894,E,2,12,0.53,45.7,M,4.8,M,,0000*46
$GNRMC,063613.00,A,3102.02993,N,11925.13895,E,0.019,,240326,,,D*6A
$GNGGA,063613.00,3102.02993,N,11925.13895,E,2,12,0.53,45.7,M,4.8,M,,0000*46
$GNRMC,063614.00,A,3102.02993,N,11925.13895,E,0.008,,240326,,,D*6D
$GNGGA,063614.00,3102.02993,N,11925.13895,E,2,12,0.53,45.7,M,4.8,M,,0000*41
$GNRMC,063615.00,A,3102.02993,N,11925.13896,E,0.013,,240326,,,D*65
$GNGGA,063615.00,3102.02993,N,11925.13896,E,2,12,0.53,45.7,M,4.8,M,,0000*43
$GNRMC,063616.00,A,3102.02993,N,11925.13896,E,0.011,,240326,,,D*64
$GNGGA,063616.00,3102.02993,N,11925.13896,E,2,12,0.53,45.7,M,4.8,M,,0000*40
$GNRMC,063617.00,A,3102.02993,N,11925.13896,E,0.012,,240326,,,D*66
$GNGGA,063617.00,3102.02993,N,11925.13896,E,2,12,0.53,45.6,M,4.8,M,,0000*40
$GNRMC,063618.00,A,3102.02992,N,11925.13898,E,0.060,,240326,,,D*63
$GNGGA,063618.00,3102.02992,N,11925.13898,E,2,12,0.53,45.6,M,4.8,M,,0000*40
$GNRMC,063619.00,A,3102.02978,N,11925.13901,E,0.738,169.10,240326,,,D*7C
$GNGGA,063619.00,3102.02978,N,11925.13901,E,2,12,0.53,45.6,M,4.8,M,,0000*44
$GNRMC,063620.00,A,3102.02946,N,11925.13909,E,1.354,168.30,240326,,,D*7F
$GNGGA,063620.00,3102.02946,N,11925.13909,E,2,12,0.53,45.5,M,4.8,M,,0000*48
$GNRMC,063621.00,A,3102.02894,N,11925.13919,E,2.076,171.51,240326,,,D*7E
$GNGGA,063621.00,3102.02894,N,11925.13919,E,2,12,0.53,45.5,M,4.8,M,,0000*46
$GNRMC,063622.00,A,3102.02815,N,11925.13920,E,3.219,179.58,240326,,,D*75
$GNGGA,063622.00,3102.02815,N,11925.13920,E,2,12,0.53,45.5,M,4.8,M,,0000*46
$GNRMC,063623.00,A,3102.02700,N,11925.13893,E,4.804,193.07,240326,,,D*79
$GNGGA,063623.00,3102.02700,N,11925.13893,E,2,12,0.53,45.4,M,4.8,M,,0000*44
$GNRMC,063624.00,A,3102.02565,N,11925.13814,E,6.376,209.61,240326,,,D*7C
$GNGGA,063624.00,3102.02565,N,11925.13814,E,2,12,0.53,45.0,M,4.8,M,,0000*49
$GNRMC,063625.00,A,3102.02432,N,11925.13681,E,6.920,222.81,240326,,,D*72
$GNGGA,063625.00,3102.02432,N,11925.13681,E,2,12,0.53,44.7,M,4.8,M,,0000*4F
$GNRMC,063626.00,A,3102.02312,N,11925.13519,E,6.866,230.35,240326,,,D*79
$GNGGA,063626.00,3102.02312,N,11925.13519,E,2,12,0.53,44.5,M,4.8,M,,0000*49
$GNRMC,063627.00,A,3102.02194,N,11925.13347,E,7.076,231.25,240326,,,D*71
$GNGGA,063627.00,3102.02194,N,11925.13347,E,2,12,0.53,44.4,M,4.8,M,,0000*48
$GNRMC,063628.00,A,3102.02048,N,11925.13189,E,7.519,220.82,240326,,,D*7F
$GNGGA,063628.00,3102.02048,N,11925.13189,E,2,12,0.53,44.3,M,4.8,M,,0000*40
$GNRMC,063629.00,A,3102.01850,N,11925.13089,E,8.068,198.85,240326,,,D*76
$GNGGA,063629.00,3102.01850,N,11925.13089,E,2,12,0.53,44.3,M,4.8,M,,0000*42
$GNRMC,063630.00,A,3102.01601,N,11925.13076,E,9.520,178.39,240326,,,D*75
$GNGGA,063630.00,3102.01601,N,11925.13076,E,2,12,0.53,44.3,M,4.8,M,,0000*40
$GNRMC,063631.00,A,3102.01313,N,11925.13130,E,10.962,168.73,240326,,,D*4C
$GNGGA,063631.00,3102.01313,N,11925.13130,E,2,12,0.53,44.3,M,4.8,M,,0000*44
$GNRMC,063632.00,A,3102.01006,N,11925.13209,E,11.465,167.30,240326,,,D*42
$GNGGA,063632.00,3102.01006,N,11925.13209,E,2,12,0.53,44.2,M,4.8,M,,0000*48
$GNRMC,063633.00,A,3102.00697,N,11925.13291,E,11.370,166.96,240326,,,D*43
$GNGGA,063633.00,3102.00697,N,11925.13291,E,2,12,0.53,44.2,M,4.8,M,,0000*47
$GNRMC,063634.00,A,3102.00393,N,11925.13371,E,11.135,167.46,240326,,,D*45
$GNGGA,063634.00,3102.00393,N,11925.13371,E,2,12,0.53,44.1,M,4.8,M,,0000*4D
$GNRMC,063635.00,A,3102.00101,N,11925.13445,E,10.529,167.72,240326,,,D*42
$GNGGA,063635.00,3102.00101,N,11925.13445,E,2,12,0.53,44.1,M,4.8,M,,0000*45
$GNRMC,063636.00,A,3101.99869,N,11925.13504,E,7.660,167.66,240326,,,D*7C
$GNGGA,063636.00,3101.99869,N,11925.13504,E,2,12,0.53,44.1,M,4.8,M,,0000*46
$GNRMC,063637.00,A,3101.99698,N,11925.13548,E,5.651,167.87,240326,,,D*7A
$GNGGA,063637.00,3101.99698,N,11925.13548,E,2,12,0.53,44.0,M,4.8,M,,0000*4E
$GNRMC,063638.00,A,3101.99543,N,11925.13588,E,5.648,168.05,240326,,,D*71
$GNGGA,063638.00,3101.99543,N,11925.13588,E,2,12,0.53,44.0,M,4.8,M,,0000*48
$GNRMC,063639.00,A,3101.99396,N,11925.13623,E,5.241,168.85,240326,,,D*79
$GNGGA,063639.00,3101.99396,N,11925.13623,E,2,12,0.53,43.9,M,4.8,M,,0000*4B
$GNRMC,063640.00,A,3101.99256,N,11925.13653,E,5.074,169.38,240326,,,D*7E
$GNGGA,063640.00,3101.99256,N,11925.13653,E,2,12,0.53,44.0,M,4.8,M,,0000*41
$GNRMC,063641.00,A,3101.99123,N,11925.13684,E,4.898,168.11,240326,,,D*75
$GNGGA,063641.00,3101.99123,N,11925.13684,E,2,12,0.53,44.0,M,4.8,M,,0000*4B
$GNRMC,063642.00,A,3101.98979,N,11925.13719,E,5.530,167.84,240326,,,D*78
$GNGGA,063642.00,3101.98979,N,11925.13719,E,2,12,0.53,44.0,M,4.8,M,,0000*4B
$GNRMC,063643.00,A,3101.98821,N,11925.13762,E,5.921,166.39,240326,,,D*72
$GNGGA,063643.00,3101.98821,N,11925.13762,E,2,12,0.56,44.0,M,4.8,M,,0000*4F
$GNRMC,063644.00,A,3101.98667,N,11925.13805,E,5.580,167.02,240326,,,D*79
$GNGGA,063644.00,3101.98667,N,11925.13805,E,2,12,0.53,43.8,M,4.8,M,,0000*40
$GNRMC,063645.00,A,3101.98520,N,11925.13841,E,5.289,168.24,240326,,,D*7D
$GNGGA,063645.00,3101.98520,N,11925.13841,E,2,12,0.53,43.9,M,4.8,M,,0000*40
$GNRMC,063646.00,A,3101.98381,N,11925.13875,E,5.061,167.64,240326,,,D*7B
$GNGGA,063646.00,3101.98381,N,11925.13875,E,2,12,0.56,43.9,M,4.8,M,,0000*4C
$GNRMC,063647.00,A,3101.98242,N,11925.13914,E,5.170,166.11,240326,,,D*70
$GNGGA,063647.00,3101.98242,N,11925.13914,E,2,12,0.56,43.9,M,4.8,M,,0000*45
$GNRMC,063648.00,A,3101.98099,N,11925.13948,E,5.337,168.55,240326,,,D*7D
$GNGGA,063648.00,3101.98099,N,11925.13948,E,2,12,0.56,43.8,M,4.8,M,,0000*46
$GNRMC,063649.00,A,3101.97961,N,11925.13982,E,4.936,168.17,240326,,,D*77
$GNGGA,063649.00,3101.97961,N,11925.13982,E,2,12,0.56,43.7,M,4.8,M,,0000*4F
$GNRMC,063650.00,A,3101.97832,N,11925.14018,E,4.602,166.54,240326,,,D*74
$GNGGA,063650.00,3101.97832,N,11925.14018,E,2,12,0.56,43.7,M,4.8,M,,0000*4D
$GNRMC,063651.00,A,3101.97709,N,11925.14050,E,4.513,167.36,240326,,,D*78
$GNGGA,063651.00,3101.97709,N,11925.14050,E,2,12,0.56,43.7,M,4.8,M,,0000*47
$GNRMC,063652.00,A,3101.97580,N,11925.14081,E,4.786,168.10,240326,,,D*71
$GNGGA,063652.00,3101.97580,N,11925.14081,E,2,12,0.56,43.7,M,4.8,M,,0000*4B
$GNRMC,063653.00,A,3101.97443,N,11925.14113,E,5.053,168.37,240326,,,D*7F
$GNGGA,063653.00,3101.97443,N,11925.14113,E,2,12,0.53,43.8,M,4.8,M,,0000*44
$GNRMC,063654.00,A,3101.97310,N,11925.14147,E,4.749,167.90,240326,,,D*77
$GNGGA,063654.00,3101.97310,N,11925.14147,E,2,12,0.53,43.7,M,4.8,M,,0000*4C
$GNRMC,063655.00,A,3101.97182,N,11925.14184,E,4.688,166.34,240326,,,D*73
$GNGGA,063655.00,3101.97182,N,11925.14184,E,2,12,0.53,43.7,M,4.8,M,,0000*4B
$GNRMC,063656.00,A,3101.97057,N,11925.14211,E,4.586,168.59,240326,,,D*7E
$GNGGA,063656.00,3101.97057,N,11925.14211,E,2,12,0.56,43.8,M,4.8,M,,0000*44
$GNRMC,063657.00,A,3101.96922,N,11925.14243,E,5.150,167.70,240326,,,D*78
$GNGGA,063657.00,3101.96922,N,11925.14243,E,2,12,0.56,43.9,M,4.8,M,,0000*49
$GNRMC,063658.00,A,3101.96781,N,11925.14283,E,5.246,166.25,240326,,,D*79
$GNGGA,063658.00,3101.96781,N,11925.14283,E,2,12,0.56,43.8,M,4.8,M,,0000*4C
$GNRMC,063659.00,A,3101.96642,N,11925.14319,E,5.047,168.19,240326,,,D*76
$GNGGA,063659.00,3101.96642,N,11925.14319,E,2,12,0.53,43.7,M,4.8,M,,0000*4B
$GNRMC,063700.00,A,3101.96497,N,11925.14352,E,5.405,168.88,240326,,,D*74
$GNGGA,063700.00,3101.96497,N,11925.14352,E,2,12,0.56,43.8,M,4.8,M,,0000*49
$GNRMC,063701.00,A,3101.96348,N,11925.14388,E,5.519,167.70,240326,,,D*73
$GNGGA,063701.00,3101.96348,N,11925.14388,E,2,12,0.56,43.9,M,4.8,M,,0000*4B
$GNRMC,063702.00,A,3101.96197,N,11925.14425,E,5.611,167.90,240326,,,D*75
$GNGGA,063702.00,3101.96197,N,11925.14425,E,2,12,0.56,44.0,M,4.8,M,,0000*46
$GNRMC,063703.00,A,3101.96043,N,11925.14467,E,5.747,166.64,240326,,,D*72
$GNGGA,063703.00,3101.96043,N,11925.14467,E,2,12,0.53,44.0,M,4.8,M,,0000*4C
$GNRMC,063704.00,A,3101.95894,N,11925.14507,E,5.386,167.68,240326,,,D*77
$GNGGA,063704.00,3101.95894,N,11925.14507,E,2,12,0.53,43.9,M,4.8,M,,0000*43
$GNRMC,063705.00,A,3101.95749,N,11925.14541,E,5.259,169.11,240326,,,D*78
$GNGGA,063705.00,3101.95749,N,11925.14541,E,2,12,0.53,44.0,M,4.8,M,,0000*41
$GNRMC,063706.00,A,3101.95604,N,11925.14575,E,5.389,168.10,240326,,,D*78
$GNGGA,063706.00,3101.95604,N,11925.14575,E,2,12,0.53,44.0,M,4.8,M,,0000*4D
$GNRMC,063707.00,A,3101.95458,N,11925.14615,E,5.367,167.15,240326,,,D*7D
$GNGGA,063707.00,3101.95458,N,11925.14615,E,2,12,0.53,44.0,M,4.8,M,,0000*42
$GNRMC,063708.00,A,3101.95309,N,11925.14647,E,5.558,169.65,240326,,,D*75
$GNGGA,063708.00,3101.95309,N,11925.14647,E,2,12,0.53,44.0,M,4.8,M,,0000*49
$GNRMC,063709.00,A,3101.95164,N,11925.14681,E,5.192,168.82,240326,,,D*7D
$GNGGA,063709.00,3101.95164,N,11925.14681,E,2,12,0.53,43.9,M,4.8,M,,0000*45
$GNRMC,063710.00,A,3101.95030,N,11925.14718,E,4.892,166.22,240326,,,D*78
$GNGGA,063710.00,3101.95030,N,11925.14718,E,2,12,0.53,44.0,M,4.8,M,,0000*42
$GNRMC,063711.00,A,3101.94900,N,11925.14752,E,4.743,167.60,240326,,,D*78
$GNGGA,063711.00,3101.94900,N,11925.14752,E,2,12,0.53,44.0,M,4.8,M,,0000*46
$GNRMC,063712.00,A,3101.94771,N,11925.14784,E,4.754,168.48,240326,,,D*7B
$GNGGA,063712.00,3101.94771,N,11925.14784,E,2,12,0.53,44.0,M,4.8,M,,0000*46
$GNRMC,063713.00,A,3101.94638,N,11925.14821,E,4.940,166.19,240326,,,D*77
$GNGGA,063713.00,3101.94638,N,11925.14821,E,2,12,0.53,44.0,M,4.8,M,,0000*4B
$GNRMC,063714.00,A,3101.94512,N,11925.14853,E,4.567,167.94,240326,,,D*73
$GNGGA,063714.00,3101.94512,N,11925.14853,E,2,12,0.53,44.0,M,4.8,M,,0000*42
$GNRMC,063715.00,A,3101.94385,N,11925.14886,E,4.699,167.40,240326,,,D*79
$GNGGA,063715.00,3101.94385,N,11925.14886,E,2,12,0.53,44.0,M,4.8,M,,0000*43
$GNRMC,063716.00,A,3101.94253,N,11925.14921,E,4.915,167.64,240326,,,D*71
$GNGGA,063716.00,3101.94253,N,11925.14921,E,2,12,0.53,44.0,M,4.8,M,,0000*46
$GNRMC,063717.00,A,3101.94108,N,11925.14958,E,5.491,167.75,240326,,,D*73
$GNGGA,063717.00,3101.94108,N,11925.14958,E,2,12,0.53,44.0,M,4.8,M,,0000*44
$GNRMC,063718.00,A,3101.93951,N,11925.14994,E,5.893,168.58,240326,,,D*71
$GNGGA,063718.00,3101.93951,N,11925.14994,E,2,12,0.53,44.1,M,4.8,M,,0000*49
$GNRMC,063719.00,A,3101.93800,N,11925.15029,E,5.463,168.40,240326,,,D*71
$GNGGA,063719.00,3101.93800,N,11925.15029,E,2,12,0.53,44.1,M,4.8,M,,0000*43
$GNRMC,063720.00,A,3101.93653,N,11925.15068,E,5.379,166.57,240326,,,D*72
$GNGGA,063720.00,3101.93653,N,11925.15068,E,2,12,0.53,44.2,M,4.8,M,,0000*47
$GNRMC,063721.00,A,3101.93508,N,11925.15108,E,5.363,166.78,240326,,,D*7F
$GNGGA,063721.00,3101.93508,N,11925.15108,E,2,12,0.53,44.2,M,4.8,M,,0000*4C
$GNRMC,063722.00,A,3101.93359,N,11925.15144,E,5.502,168.66,240326,,,D*76
$GNGGA,063722.00,3101.93359,N,11925.15144,E,2,12,0.53,44.1,M,4.8,M,,0000*46
$GNRMC,063723.00,A,3101.93210,N,11925.15186,E,5.534,166.06,240326,,,D*78
$GNGGA,063723.00,3101.93210,N,11925.15186,E,2,12,0.53,44.0,M,4.8,M,,0000*44
$GNRMC,063724.00,A,3101.93065,N,11925.15227,E,5.240,166.60,240326,,,D*73
$GNGGA,063724.00,3101.93065,N,11925.15227,E,2,12,0.53,43.9,M,4.8,M,,0000*45
$GNRMC,063725.00,A,3101.92931,N,11925.15257,E,4.737,168.76,240326,,,D*71
$GNGGA,063725.00,3101.92931,N,11925.15257,E,2,12,0.56,44.0,M,4.8,M,,0000*41
$GNRMC,063726.00,A,3101.92798,N,11925.15291,E,4.918,167.93,240326,,,D*72
$GNGGA,063726.00,3101.92798,N,11925.15291,E,2,12,0.53,44.1,M,4.8,M,,0000*41
$GNRMC,063727.00,A,3101.92666,N,11925.15329,E,4.872,166.47,240326,,,D*74
$GNGGA,063727.00,3101.92666,N,11925.15329,E,2,12,0.53,44.1,M,4.8,M,,0000*42
$GNRMC,063728.00,A,3101.92530,N,11925.15358,E,5.077,169.74,240326,,,D*7E
$GNGGA,063728.00,3101.92530,N,11925.15358,E,2,12,0.53,44.1,M,4.8,M,,0000*4B
$GNRMC,063729.00,A,3101.92397,N,11925.15389,E,4.750,168.62,240326,,,D*7D
$GNGGA,063729.00,3101.92397,N,11925.15389,E,2,12,0.53,44.0,M,4.8,M,,0000*4C
$GNRMC,063730.00,A,3101.92269,N,11925.15425,E,4.710,167.03,240326,,,D*78
$GNGGA,063730.00,3101.92269,N,11925.15425,E,2,12,0.53,44.0,M,4.8,M,,0000*45
$GNRMC,063731.00,A,3101.92140,N,11925.15458,E,4.773,167.88,240326,,,D*7D
$GNGGA,063731.00,3101.92140,N,11925.15458,E,2,12,0.53,44.0,M,4.8,M,,0000*46
$GNRMC,063732.00,A,3101.92005,N,11925.15492,E,5.075,167.87,240326,,,D*77
$GNGGA,063732.00,3101.92005,N,11925.15492,E,2,12,0.53,44.1,M,4.8,M,,0000*42
$GNRMC,063733.00,A,3101.91862,N,11925.15533,E,5.319,166.33,240326,,,D*71
$GNGGA,063733.00,3101.91862,N,11925.15533,E,2,12,0.53,44.0,M,4.8,M,,0000*42
$GNRMC,063734.00,A,3101.91723,N,11925.15571,E,5.051,167.29,240326,,,D*7F
$GNGGA,063734.00,3101.91723,N,11925.15571,E,2,12,0.53,43.9,M,4.8,M,,0000*47
$GNRMC,063735.00,A,3101.91579,N,11925.15608,E,5.406,167.86,240326,,,D*7D
$GNGGA,063735.00,3101.91579,N,11925.15608,E,2,12,0.53,44.0,M,4.8,M,,0000*48
$GNRMC,063736.00,A,3101.91428,N,11925.15647,E,5.637,167.58,240326,,,D*73
$GNGGA,063736.00,3101.91428,N,11925.15647,E,2,12,0.53,44.0,M,4.8,M,,0000*45
$GNRMC,063737.00,A,3101.91269,N,11925.15690,E,6.016,166.75,240326,,,D*73
$GNGGA,063737.00,3101.91269,N,11925.15690,E,2,12,0.53,43.9,M,4.8,M,,0000*43
$GNRMC,063738.00,A,3101.91102,N,11925.15728,E,6.168,169.30,240326,,,D*76
$GNGGA,063738.00,3101.91102,N,11925.15728,E,2,12,0.53,43.9,M,4.8,M,,0000*40
$GNRMC,063739.00,A,3101.90939,N,11925.15765,E,5.886,169.13,240326,,,D*74
$GNGGA,063739.00,3101.90939,N,11925.15765,E,2,12,0.53,43.9,M,4.8,M,,0000*49
$GNRMC,063740.00,A,3101.90787,N,11925.15807,E,5.433,166.70,240326,,,D*72
$GNGGA,063740.00,3101.90787,N,11925.15807,E,2,12,0.53,43.9,M,4.8,M,,0000*47
$GNRMC,063741.00,A,3101.90641,N,11925.15848,E,5.318,167.39,240326,,,D*71
$GNGGA,063741.00,3101.90641,N,11925.15848,E,2,12,0.53,43.9,M,4.8,M,,0000*46
$GNRMC,063742.00,A,3101.90490,N,11925.15889,E,5.579,167.16,240326,,,D*7D
$GNGGA,063742.00,3101.90490,N,11925.15889,E,2,12,0.53,43.9,M,4.8,M,,0000*46
$GNRMC,063743.00,A,3101.90343,N,11925.15929,E,5.388,166.57,240326,,,D*72
$GNGGA,063743.00,3101.90343,N,11925.15929,E,2,12,0.53,43.7,M,4.8,M,,0000*4B
$GNRMC,063744.00,A,3101.90196,N,11925.15972,E,5.385,166.39,240326,,,D*74
$GNGGA,063744.00,3101.90196,N,11925.15972,E,2,12,0.53,43.8,M,4.8,M,,0000*47
$GNRMC,063745.00,A,3101.90057,N,11925.16010,E,5.018,166.56,240326,,,D*79
$GNGGA,063745.00,3101.90057,N,11925.16010,E,2,12,0.53,43.7,M,4.8,M,,0000*4B
$GNRMC,063746.00,A,3101.89920,N,11925.16046,E,5.060,167.12,240326,,,D*76
$GNGGA,063746.00,3101.89920,N,11925.16046,E,2,12,0.53,43.7,M,4.8,M,,0000*4A
$GNRMC,063747.00,A,3101.89774,N,11925.16078,E,5.441,169.35,240326,,,D*79
$GNGGA,063747.00,3101.89774,N,11925.16078,E,2,12,0.53,43.7,M,4.8,M,,0000*49
$GNRMC,063748.00,A,3101.89628,N,11925.16111,E,5.264,169.02,240326,,,D*75
$GNGGA,063748.00,3101.89628,N,11925.16111,E,2,12,0.53,43.6,M,4.8,M,,0000*41
$GNRMC,063749.00,A,3101.89485,N,11925.16146,E,5.270,167.61,240326,,,D*7D
$GNGGA,063749.00,3101.89485,N,11925.16146,E,2,12,0.53,43.7,M,4.8,M,,0000*46
$GNRMC,063750.00,A,3101.89343,N,11925.16181,E,5.235,168.05,240326,,,D*7F
$GNGGA,063750.00,3101.89343,N,11925.16181,E,2,12,0.53,43.7,M,4.8,M,,0000*48
$GNRMC,063751.00,A,3101.89194,N,11925.16217,E,5.531,168.39,240326,,,D*76
$GNGGA,063751.00,3101.89194,N,11925.16217,E,2,12,0.53,43.7,M,4.8,M,,0000*4D
$GNRMC,063752.00,A,3101.89040,N,11925.16261,E,5.774,165.78,240326,,,D*77
$GNGGA,063752.00,3101.89040,N,11925.16261,E,2,12,0.53,43.6,M,4.8,M,,0000*46
$GNRMC,063753.00,A,3101.88890,N,11925.16303,E,5.438,166.99,240326,,,D*70
$GNGGA,063753.00,3101.88890,N,11925.16303,E,2,12,0.53,43.5,M,4.8,M,,0000*45
$GNRMC,063754.00,A,3101.88741,N,11925.16336,E,5.444,169.72,240326,,,D*73
$GNGGA,063754.00,3101.88741,N,11925.16336,E,2,12,0.53,43.6,M,4.8,M,,0000*44
$GNRMC,063755.00,A,3101.88591,N,11925.16371,E,5.507,168.28,240326,,,D*76
$GNGGA,063755.00,3101.88591,N,11925.16371,E,2,12,0.53,43.6,M,4.8,M,,0000*49
$GNRMC,063756.00,A,3101.88440,N,11925.16416,E,5.604,165.38,240326,,,D*72
$GNGGA,063756.00,3101.88440,N,11925.16416,E,2,12,0.53,43.5,M,4.8,M,,0000*42
$GNRMC,063757.00,A,3101.88289,N,11925.16457,E,5.538,167.38,240326,,,D*7B
$GNGGA,063757.00,3101.88289,N,11925.16457,E,2,12,0.53,43.3,M,4.8,M,,0000*43
$GNRMC,063758.00,A,3101.88138,N,11925.16493,E,5.494,168.22,240326,,,D*76
$GNGGA,063758.00,3101.88138,N,11925.16493,E,2,12,0.53,43.4,M,4.8,M,,0000*4A
$GNRMC,063759.00,A,3101.87992,N,11925.16531,E,5.349,167.22,240326,,,D*71
$GNGGA,063759.00,3101.87992,N,11925.16531,E,2,12,0.53,43.5,M,4.8,M,,0000*44
$GNRMC,063800.00,A,3101.87840,N,11925.16570,E,5.705,167.32,240326,,,D*74
$GNGGA,063800.00,3101.87840,N,11925.16570,E,2,12,0.53,43.5,M,4.8,M,,0000*4C
$GNRMC,063801.00,A,3101.87682,N,11925.16615,E,5.870,166.61,240326,,,D*7F
$GNGGA,063801.00,3101.87682,N,11925.16615,E,2,12,0.53,43.5,M,4.8,M,,0000*4D
$GNRMC,063802.00,A,3101.87530,N,11925.16655,E,5.491,167.86,240326,,,D*79
$GNGGA,063802.00,3101.87530,N,11925.16655,E,2,12,0.53,43.3,M,4.8,M,,0000*46
$GNRMC,063803.00,A,3101.87383,N,11925.16690,E,5.308,168.32,240326,,,D*78
$GNGGA,063803.00,3101.87383,N,11925.16690,E,2,12,0.53,43.4,M,4.8,M,,0000*47
$GNRMC,063804.00,A,3101.87243,N,11925.16726,E,5.118,167.71,240326,,,D*75
$GNGGA,063804.00,3101.87243,N,11925.16726,E,2,12,0.53,43.4,M,4.8,M,,0000*41
$GNRMC,063805.00,A,3101.87100,N,11925.16765,E,5.370,166.87,240326,,,D*73
$GNGGA,063805.00,3101.87100,N,11925.16765,E,2,12,0.53,43.4,M,4.8,M,,0000*43
$GNRMC,063806.00,A,3101.86942,N,11925.16800,E,6.012,169.65,240326,,,D*74
$GNGGA,063806.00,3101.86942,N,11925.16800,E,2,12,0.53,43.4,M,4.8,M,,0000*43
$GNRMC,063807.00,A,3101.86779,N,11925.16836,E,5.952,169.10,240326,,,D*7A
$GNGGA,063807.00,3101.86779,N,11925.16836,E,2,12,0.53,43.4,M,4.8,M,,0000*41
$GNRMC,063808.00,A,3101.86618,N,11925.16880,E,5.920,166.70,240326,,,D*72
$GNGGA,063808.00,3101.86618,N,11925.16880,E,2,12,0.53,43.4,M,4.8,M,,0000*45
$GNRMC,063809.00,A,3101.86460,N,11925.16922,E,5.775,167.93,240326,,,D*75
$GNGGA,063809.00,3101.86460,N,11925.16922,E,2,12,0.53,43.4,M,4.8,M,,0000*40
$GNRMC,063810.00,A,3101.86302,N,11925.16964,E,5.873,167.48,240326,,,D*73
$GNGGA,063810.00,3101.86302,N,11925.16964,E,2,12,0.53,43.4,M,4.8,M,,0000*49
$GNRMC,063811.00,A,3101.86150,N,11925.17003,E,5.479,167.93,240326,,,D*7E
$GNGGA,063811.00,3101.86150,N,11925.17003,E,2,12,0.53,43.3,M,4.8,M,,0000*43
$GNRMC,063812.00,A,3101.86001,N,11925.17038,E,5.510,168.51,240326,,,D*7F
$GNGGA,063812.00,3101.86001,N,11925.17038,E,2,12,0.53,43.4,M,4.8,M,,0000*4A
$GNRMC,063813.00,A,3101.85848,N,11925.17079,E,5.677,167.76,240326,,,D*75
$GNGGA,063813.00,3101.85848,N,11925.17079,E,2,12,0.53,43.4,M,4.8,M,,0000*48
$GNRMC,063814.00,A,3101.85695,N,11925.17124,E,5.659,166.34,240326,,,D*7E
$GNGGA,063814.00,3101.85695,N,11925.17124,E,2,12,0.53,43.3,M,4.8,M,,0000*4F
$GNRMC,063815.00,A,3101.85538,N,11925.17166,E,5.797,167.93,240326,,,D*72
$GNGGA,063815.00,3101.85538,N,11925.17166,E,2,12,0.53,43.2,M,4.8,M,,0000*4D
$GNRMC,063816.00,A,3101.85380,N,11925.17207,E,5.852,167.30,240326,,,D*7F
$GNGGA,063816.00,3101.85380,N,11925.17207,E,2,12,0.56,43.2,M,4.8,M,,0000*4A
$GNRMC,063817.00,A,3101.85221,N,11925.17253,E,5.937,165.64,240326,,,D*74
$GNGGA,063817.00,3101.85221,N,11925.17253,E,2,12,0.56,43.3,M,4.8,M,,0000*41
$GNRMC,063818.00,A,3101.85056,N,11925.17299,E,6.174,167.01,240326,,,D*72
$GNGGA,063818.00,3101.85056,N,11925.17299,E,2,12,0.56,43.3,M,4.8,M,,0000*4A
$GNRMC,063819.00,A,3101.84884,N,11925.17349,E,6.392,166.04,240326,,,D*77
$GNGGA,063819.00,3101.84884,N,11925.17349,E,2,12,0.53,43.2,M,4.8,M,,0000*45
$GNRMC,063820.00,A,3101.84718,N,11925.17395,E,6.009,166.84,240326,,,D*7F
$GNGGA,063820.00,3101.84718,N,11925.17395,E,2,12,0.53,43.1,M,4.8,M,,0000*47
$GNRMC,063821.00,A,3101.84554,N,11925.17430,E,5.947,169.86,240326,,,D*71
$GNGGA,063821.00,3101.84554,N,11925.17430,E,2,12,0.53,43.2,M,4.8,M,,0000*47
$GNRMC,063822.00,A,3101.84381,N,11925.17473,E,6.477,167.75,240326,,,D*74
$GNGGA,063822.00,3101.84381,N,11925.17473,E,2,12,0.53,43.3,M,4.8,M,,0000*4C
$GNRMC,063823.00,A,3101.84178,N,11925.17526,E,7.832,167.75,240326,,,D*7C
$GNGGA,063823.00,3101.84178,N,11925.17526,E,2,12,0.53,43.3,M,4.8,M,,0000*48
$GNRMC,063824.00,A,3101.83946,N,11925.17585,E,8.788,167.77,240326,,,D*73
$GNGGA,063824.00,3101.83946,N,11925.17585,E,2,12,0.53,43.2,M,4.8,M,,0000*45
$GNRMC,063825.00,A,3101.83700,N,11925.17649,E,9.120,167.74,240326,,,D*7B
$GNGGA,063825.00,3101.83700,N,11925.17649,E,2,12,0.53,43.2,M,4.8,M,,0000*4B
$GNRMC,063826.00,A,3101.83445,N,11925.17713,E,9.447,167.99,240326,,,D*73
$GNGGA,063826.00,3101.83445,N,11925.17713,E,2,12,0.53,43.1,M,4.8,M,,0000*47
$GNRMC,063827.00,A,3101.83186,N,11925.17779,E,9.457,168.18,240326,,,D*73
$GNGGA,063827.00,3101.83186,N,11925.17779,E,2,12,0.53,43.1,M,4.8,M,,0000*40
$GNRMC,063828.00,A,3101.82933,N,11925.17845,E,9.197,167.49,240326,,,D*79
$GNGGA,063828.00,3101.82933,N,11925.17845,E,2,12,0.53,43.0,M,4.8,M,,0000*49
$GNRMC,063829.00,A,3101.82706,N,11925.17944,E,8.543,156.71,240326,,,D*75
$GNGGA,063829.00,3101.82706,N,11925.17944,E,2,12,0.53,43.0,M,4.8,M,,0000*40
$GNRMC,063830.00,A,3101.82538,N,11925.18122,E,8.304,131.78,240326,,,D*78
$GNGGA,063830.00,3101.82538,N,11925.18122,E,2,12,0.53,43.0,M,4.8,M,,0000*40
$GNRMC,063831.00,A,3101.82452,N,11925.18388,E,9.238,104.40,240326,,,D*74
$GNGGA,063831.00,3101.82452,N,11925.18388,E,2,12,0.53,42.9,M,4.8,M,,0000*46
$GNRMC,063832.00,A,3101.82455,N,11925.18713,E,10.697,85.51,240326,,,D*77
$GNGGA,063832.00,3101.82455,N,11925.18713,E,2,12,0.53,42.9,M,4.8,M,,0000*44
$GNRMC,063833.00,A,3101.82503,N,11925.19073,E,11.560,80.08,240326,,,D*77
$GNGGA,063833.00,3101.82503,N,11925.19073,E,2,12,0.56,42.9,M,4.8,M,,0000*42
$GNRMC,063834.00,A,3101.82567,N,11925.19442,E,11.748,78.17,240326,,,D*75
$GNGGA,063834.00,3101.82567,N,11925.19442,E,2,12,0.53,42.9,M,4.8,M,,0000*44
$GNRMC,063835.00,A,3101.82637,N,11925.19817,E,11.943,77.53,240326,,,D*74
$GNGGA,063835.00,3101.82637,N,11925.19817,E,2,12,0.56,42.9,M,4.8,M,,0000*4A
$GNRMC,063836.00,A,3101.82712,N,11925.20191,E,11.877,76.64,240326,,,D*7F
$GNGGA,063836.00,3101.82712,N,11925.20191,E,2,12,0.56,42.8,M,4.8,M,,0000*43
$GNRMC,063837.00,A,3101.82787,N,11925.20562,E,11.786,76.83,240326,,,D*72
$GNGGA,063837.00,3101.82787,N,11925.20562,E,2,12,0.58,42.8,M,4.8,M,,0000*48
$GNRMC,063838.00,A,3101.82862,N,11925.20929,E,11.704,76.28,240326,,,D*71
$GNGGA,063838.00,3101.82862,N,11925.20929,E,2,12,0.58,42.8,M,4.8,M,,0000*40
$GNRMC,063839.00,A,3101.82944,N,11925.21291,E,11.559,75.00,240326,,,D*7F
$GNGGA,063839.00,3101.82944,N,11925.21291,E,2,12,0.58,42.8,M,4.8,M,,0000*4D
$GNRMC,063840.00,A,3101.83032,N,11925.21648,E,11.500,73.70,240326,,,D*75
$GNGGA,063840.00,3101.83032,N,11925.21648,E,2,12,0.56,42.8,M,4.8,M,,0000*44
$GNRMC,063841.00,A,3101.83146,N,11925.21988,E,11.168,66.69,240326,,,D*73
$GNGGA,063841.00,3101.83146,N,11925.21988,E,2,12,0.58,42.7,M,4.8,M,,0000*45
$GNRMC,063842.00,A,3101.83326,N,11925.22258,E,10.498,46.49,240326,,,D*7A
$GNGGA,063842.00,3101.83326,N,11925.22258,E,2,12,0.58,42.7,M,4.8,M,,0000*47
$GNRMC,063843.00,A,3101.83575,N,11925.22396,E,10.069,17.25,240326,,,D*7C
$GNGGA,063843.00,3101.83575,N,11925.22396,E,2,12,0.56,42.6,M,4.8,M,,0000*4A
$GNRMC,063844.00,A,3101.83850,N,11925.22391,E,10.020,353.20,240326,,,D*4D
$GNGGA,063844.00,3101.83850,N,11925.22391,E,2,12,0.58,42.6,M,4.8,M,,0000*4E
$GNRMC,063845.00,A,3101.84123,N,11925.22322,E,10.017,346.05,240326,,,D*49
$GNGGA,063845.00,3101.84123,N,11925.22322,E,2,12,0.58,42.7,M,4.8,M,,0000*4C
$GNRMC,063846.00,A,3101.84390,N,11925.22244,E,9.734,346.16,240326,,,D*7D
$GNGGA,063846.00,3101.84390,N,11925.22244,E,2,12,0.58,42.7,M,4.8,M,,0000*44
$GNRMC,063847.00,A,3101.84650,N,11925.22172,E,9.426,346.55,240326,,,D*74
$GNGGA,063847.00,3101.84650,N,11925.22172,E,2,12,0.58,42.8,M,4.8,M,,0000*45
$GNRMC,063848.00,A,3101.84899,N,11925.22105,E,9.030,346.98,240326,,,D*72
$GNGGA,063848.00,3101.84899,N,11925.22105,E,2,12,0.58,42.8,M,4.8,M,,0000*41
$GNRMC,063849.00,A,3101.85103,N,11925.22054,E,6.836,347.71,240326,,,D*7A
$GNGGA,063849.00,3101.85103,N,11925.22054,E,2,12,0.58,42.9,M,4.8,M,,0000*4F
$GNRMC,063850.00,A,3101.85275,N,11925.22010,E,6.058,347.61,240326,,,D*71
$GNGGA,063850.00,3101.85275,N,11925.22010,E,2,12,0.58,42.9,M,4.8,M,,0000*45
$GNRMC,063851.00,A,3101.85435,N,11925.21971,E,5.676,347.75,240326,,,D*73
$GNGGA,063851.00,3101.85435,N,11925.21971,E,2,12,0.53,43.0,M,4.8,M,,0000*48
$GNRMC,063852.00,A,3101.85585,N,11925.21928,E,5.452,345.69,240326,,,D*7D
$GNGGA,063852.00,3101.85585,N,11925.21928,E,2,12,0.53,43.0,M,4.8,M,,0000*4D
$GNRMC,063853.00,A,3101.85731,N,11925.21892,E,5.291,348.53,240326,,,D*7C
$GNGGA,063853.00,3101.85731,N,11925.21892,E,2,12,0.53,43.0,M,4.8,M,,0000*41
$GNRMC,063854.00,A,3101.85866,N,11925.21862,E,4.871,348.22,240326,,,D*7A
$GNGGA,063854.00,3101.85866,N,11925.21862,E,2,12,0.53,42.9,M,4.8,M,,0000*4C
$GNRMC,063855.00,A,3101.85993,N,11925.21829,E,4.559,346.53,240326,,,D*70
$GNGGA,063855.00,3101.85993,N,11925.21829,E,2,12,0.53,42.9,M,4.8,M,,0000*49
$GNRMC,063856.00,A,3101.86119,N,11925.21796,E,4.662,347.17,240326,,,D*7B
$GNGGA,063856.00,3101.86119,N,11925.21796,E,2,12,0.53,42.9,M,4.8,M,,0000*48
$GNRMC,063857.00,A,3101.86252,N,11925.21767,E,4.936,348.80,240326,,,D*77
$GNGGA,063857.00,3101.86252,N,11925.21767,E,2,12,0.53,43.0,M,4.8,M,,0000*43
$GNRMC,063858.00,A,3101.86392,N,11925.21730,E,5.261,346.26,240326,,,D*7D
$GNGGA,063858.00,3101.86392,N,11925.21730,E,2,12,0.53,42.9,M,4.8,M,,0000*4B
$GNRMC,063859.00,A,3101.86530,N,11925.21694,E,5.044,347.05,240326,,,D*78
$GNGGA,063859.00,3101.86530,N,11925.21694,E,2,12,0.53,42.8,M,4.8,M,,0000*4A
$GNRMC,063900.00,A,3101.86666,N,11925.21664,E,4.902,348.73,240326,,,D*7E
$GNGGA,063900.00,3101.86666,N,11925.21664,E,2,12,0.53,42.9,M,4.8,M,,0000*49
$GNRMC,063901.00,A,3101.86797,N,11925.21633,E,4.731,347.89,240326,,,D*76
$GNGGA,063901.00,3101.86797,N,11925.21633,E,2,12,0.53,42.9,M,4.8,M,,0000*45
$GNRMC,063902.00,A,3101.86930,N,11925.21598,E,4.938,347.52,240326,,,D*75
$GNGGA,063902.00,3101.86930,N,11925.21598,E,2,12,0.53,42.9,M,4.8,M,,0000*47
$GNRMC,063903.00,A,3101.87071,N,11925.21564,E,5.277,348.14,240326,,,D*76
$GNGGA,063903.00,3101.87071,N,11925.21564,E,2,12,0.53,42.9,M,4.8,M,,0000*48
$GNRMC,063904.00,A,3101.87213,N,11925.21529,E,5.181,347.82,240326,,,D*74
$GNGGA,063904.00,3101.87213,N,11925.21529,E,2,12,0.53,42.9,M,4.8,M,,0000*40
$GNRMC,063905.00,A,3101.87354,N,11925.21495,E,5.181,347.87,240326,,,D*74
$GNGGA,063905.00,3101.87354,N,11925.21495,E,2,12,0.53,43.0,M,4.8,M,,0000*4D
$GNRMC,063906.00,A,3101.87489,N,11925.21461,E,4.850,347.83,240326,,,D*7B
$GNGGA,063906.00,3101.87489,N,11925.21461,E,2,12,0.53,43.0,M,4.8,M,,0000*42
$GNRMC,063907.00,A,3101.87622,N,11925.21427,E,4.917,347.59,240326,,,D*7E
$GNGGA,063907.00,3101.87622,N,11925.21427,E,2,12,0.53,43.1,M,4.8,M,,0000*43
$GNRMC,063908.00,A,3101.87763,N,11925.21386,E,5.356,345.30,240326,,,D*7A
$GNGGA,063908.00,3101.87763,N,11925.21386,E,2,12,0.53,43.0,M,4.8,M,,0000*45
$GNRMC,063909.00,A,3101.87907,N,11925.21348,E,5.207,347.13,240326,,,D*73
$GNGGA,063909.00,3101.87907,N,11925.21348,E,2,12,0.53,42.9,M,4.8,M,,0000*42
$GNRMC,063910.00,A,3101.88050,N,11925.21315,E,5.182,348.99,240326,,,D*74
$GNGGA,063910.00,3101.88050,N,11925.21315,E,2,12,0.53,43.0,M,4.8,M,,0000*4E
$GNRMC,063911.00,A,3101.88192,N,11925.21281,E,5.145,348.29,240326,,,D*76
$GNGGA,063911.00,3101.88192,N,11925.21281,E,2,12,0.53,43.0,M,4.8,M,,0000*4C
$GNRMC,063912.00,A,3101.88337,N,11925.21244,E,5.348,347.64,240326,,,D*78
$GNGGA,063912.00,3101.88337,N,11925.21244,E,2,12,0.53,43.0,M,4.8,M,,0000*4B
$GNRMC,063913.00,A,3101.88493,N,11925.21210,E,5.877,349.54,240326,,,D*7B
$GNGGA,063913.00,3101.88493,N,11925.21210,E,2,12,0.53,43.0,M,4.8,M,,0000*42
$GNRMC,063914.00,A,3101.88653,N,11925.21172,E,5.847,348.08,240326,,,D*7E
$GNGGA,063914.00,3101.88653,N,11925.21172,E,2,12,0.53,42.9,M,4.8,M,,0000*44
$GNRMC,063915.00,A,3101.88812,N,11925.21125,E,5.868,345.43,240326,,,D*79
$GNGGA,063915.00,3101.88812,N,11925.21125,E,2,12,0.53,42.9,M,4.8,M,,0000*4C
$GNRMC,063916.00,A,3101.88970,N,11925.21083,E,5.824,347.41,240326,,,D*7A
$GNGGA,063916.00,3101.88970,N,11925.21083,E,2,12,0.53,43.0,M,4.8,M,,0000*4F
$GNRMC,063917.00,A,3101.89137,N,11925.21037,E,6.281,346.29,240326,,,D*77
$GNGGA,063917.00,3101.89137,N,11925.21037,E,2,12,0.53,42.9,M,4.8,M,,0000*43
$GNRMC,063918.00,A,3101.89308,N,11925.20991,E,6.271,346.74,240326,,,D*75
$GNGGA,063918.00,3101.89308,N,11925.20991,E,2,12,0.53,42.8,M,4.8,M,,0000*47
$GNRMC,063919.00,A,3101.89480,N,11925.20952,E,6.292,349.33,240326,,,D*7D
$GNGGA,063919.00,3101.89480,N,11925.20952,E,2,12,0.53,42.8,M,4.8,M,,0000*4E
$GNRMC,063920.00,A,3101.89652,N,11925.20909,E,6.305,347.34,240326,,,D*72
$GNGGA,063920.00,3101.89652,N,11925.20909,E,2,12,0.53,42.9,M,4.8,M,,0000*46
$GNRMC,063921.00,A,3101.89826,N,11925.20855,E,6.572,344.19,240326,,,D*7C
$GNGGA,063921.00,3101.89826,N,11925.20855,E,2,12,0.53,42.8,M,4.8,M,,0000*43
$GNRMC,063922.00,A,3101.90000,N,11925.20805,E,6.447,346.49,240326,,,D*7E
$GNGGA,063922.00,3101.90000,N,11925.20805,E,2,12,0.53,42.7,M,4.8,M,,0000*4E
$GNRMC,063923.00,A,3101.90174,N,11925.20753,E,6.504,344.72,240326,,,D*7D
$GNGGA,063923.00,3101.90174,N,11925.20753,E,2,12,0.53,42.8,M,4.8,M,,0000*4E
$GNRMC,063924.00,A,3101.90345,N,11925.20702,E,6.313,345.63,240326,,,D*7F
$GNGGA,063924.00,3101.90345,N,11925.20702,E,2,12,0.53,42.8,M,4.8,M,,0000*4D
$GNRMC,063925.00,A,3101.90518,N,11925.20654,E,6.445,346.31,240326,,,D*72
$GNGGA,063925.00,3101.90518,N,11925.20654,E,2,12,0.53,42.7,M,4.8,M,,0000*4F
$GNRMC,063926.00,A,3101.90685,N,11925.20608,E,5.968,346.36,240326,,,D*79
$GNGGA,063926.00,3101.90685,N,11925.20608,E,2,12,0.53,42.6,M,4.8,M,,0000*43
$GNRMC,063927.00,A,3101.90841,N,11925.20572,E,5.640,348.55,240326,,,D*7E
$GNGGA,063927.00,3101.90841,N,11925.20572,E,2,12,0.53,42.7,M,4.8,M,,0000*4B
$GNRMC,063928.00,A,3101.90985,N,11925.20536,E,5.137,347.38,240326,,,D*7B
$GNGGA,063928.00,3101.90985,N,11925.20536,E,2,12,0.53,42.7,M,4.8,M,,0000*4D
$GNRMC,063929.00,A,3101.91129,N,11925.20492,E,5.363,345.56,240326,,,D*73
$GNGGA,063929.00,3101.91129,N,11925.20492,E,2,12,0.53,42.7,M,4.8,M,,0000*4C
$GNRMC,063930.00,A,3101.91282,N,11925.20455,E,5.687,348.28,240326,,,D*79
$GNGGA,063930.00,3101.91282,N,11925.20455,E,2,12,0.53,42.7,M,4.8,M,,0000*4D
$GNRMC,063931.00,A,3101.91430,N,11925.20417,E,5.282,347.47,240326,,,D*76
$GNGGA,063931.00,3101.91430,N,11925.20417,E,2,12,0.53,42.6,M,4.8,M,,0000*44
$GNRMC,063932.00,A,3101.91572,N,11925.20372,E,5.220,345.07,240326,,,D*78
$GNGGA,063932.00,3101.91572,N,11925.20372,E,2,12,0.53,42.7,M,4.8,M,,0000*45
$GNRMC,063933.00,A,3101.91717,N,11925.20333,E,5.381,347.30,240326,,,D*71
$GNGGA,063933.00,3101.91717,N,11925.20333,E,2,12,0.53,42.7,M,4.8,M,,0000*40
$GNRMC,063934.00,A,3101.91868,N,11925.20303,E,5.582,350.30,240326,,,D*71
$GNGGA,063934.00,3101.91868,N,11925.20303,E,2,12,0.53,42.8,M,4.8,M,,0000*4C
$GNRMC,063935.00,A,3101.92018,N,11925.20270,E,5.491,348.24,240326,,,D*76
$GNGGA,063935.00,3101.92018,N,11925.20270,E,2,12,0.53,42.7,M,4.8,M,,0000*4B
$GNRMC,063936.00,A,3101.92169,N,11925.20230,E,5.586,347.06,240326,,,D*7E
$GNGGA,063936.00,3101.92169,N,11925.20230,E,2,12,0.53,42.7,M,4.8,M,,0000*4B
$GNRMC,063937.00,A,3101.92312,N,11925.20195,E,5.074,348.42,240326,,,D*7A
$GNGGA,063937.00,3101.92312,N,11925.20195,E,2,12,0.53,42.8,M,4.8,M,,0000*47
$GNRMC,063938.00,A,3101.92450,N,11925.20161,E,4.994,348.19,240326,,,D*77
$GNGGA,063938.00,3101.92450,N,11925.20161,E,2,12,0.53,42.8,M,4.8,M,,0000*42
$GNRMC,063939.00,A,3101.92588,N,11925.20124,E,5.138,346.54,240326,,,D*7B
$GNGGA,063939.00,3101.92588,N,11925.20124,E,2,12,0.53,42.8,M,4.8,M,,0000*46
$GNRMC,063940.00,A,3101.92729,N,11925.20087,E,5.132,348.71,240326,,,D*77
$GNGGA,063940.00,3101.92729,N,11925.20087,E,2,12,0.53,42.8,M,4.8,M,,0000*49
$GNRMC,063941.00,A,3101.92874,N,11925.20054,E,5.271,348.97,240326,,,D*73
$GNGGA,063941.00,3101.92874,N,11925.20054,E,2,12,0.53,43.0,M,4.8,M,,0000*48
$GNRMC,063942.00,A,3101.93013,N,11925.20016,E,5.085,346.44,240326,,,D*77
$GNGGA,063942.00,3101.93013,N,11925.20016,E,2,12,0.53,43.1,M,4.8,M,,0000*44
$GNRMC,063943.00,A,3101.93153,N,11925.19975,E,5.220,346.12,240326,,,D*7B
$GNGGA,063943.00,3101.93153,N,11925.19975,E,2,12,0.53,43.1,M,4.8,M,,0000*46
$GNRMC,063944.00,A,3101.93302,N,11925.19932,E,5.488,346.87,240326,,,D*71
$GNGGA,063944.00,3101.93302,N,11925.19932,E,2,12,0.53,43.2,M,4.8,M,,0000*47
$GNRMC,063945.00,A,3101.93447,N,11925.19890,E,5.141,346.21,240326,,,D*73
$GNGGA,063945.00,3101.93447,N,11925.19890,E,2,12,0.53,43.2,M,4.8,M,,0000*49
$GNRMC,063946.00,A,3101.93585,N,11925.19849,E,5.068,345.29,240326,,,D*7A
$GNGGA,063946.00,3101.93585,N,11925.19849,E,2,12,0.53,43.2,M,4.8,M,,0000*41
$GNRMC,063947.00,A,3101.93717,N,11925.19814,E,4.759,346.93,240326,,,D*7C
$GNGGA,063947.00,3101.93717,N,11925.19814,E,2,12,0.53,43.3,M,4.8,M,,0000*40
$GNRMC,063948.00,A,3101.93850,N,11925.19781,E,4.920,347.78,240326,,,D*78
$GNGGA,063948.00,3101.93850,N,11925.19781,E,2,12,0.53,43.3,M,4.8,M,,0000*40
$GNRMC,063949.00,A,3101.93994,N,11925.19745,E,5.425,347.29,240326,,,D*75
$GNGGA,063949.00,3101.93994,N,11925.19745,E,2,12,0.53,43.3,M,4.8,M,,0000*40
$GNRMC,063950.00,A,3101.94146,N,11925.19711,E,5.655,349.09,240326,,,D*75
$GNGGA,063950.00,3101.94146,N,11925.19711,E,2,12,0.53,43.2,M,4.8,M,,0000*48
$GNRMC,063951.00,A,3101.94307,N,11925.19678,E,5.971,349.36,240326,,,D*78
$GNGGA,063951.00,3101.94307,N,11925.19678,E,2,12,0.53,43.3,M,4.8,M,,0000*41
$GNRMC,063952.00,A,3101.94469,N,11925.19640,E,5.888,348.47,240326,,,D*7F
$GNGGA,063952.00,3101.94469,N,11925.19640,E,2,12,0.53,43.4,M,4.8,M,,0000*41
$GNRMC,063953.00,A,3101.94637,N,11925.19607,E,6.289,350.27,240326,,,D*73
$GNGGA,063953.00,3101.94637,N,11925.19607,E,2,12,0.53,43.4,M,4.8,M,,0000*4A
$GNRMC,063954.00,A,3101.94807,N,11925.19565,E,6.159,347.26,240326,,,D*77
$GNGGA,063954.00,3101.94807,N,11925.19565,E,2,12,0.53,43.2,M,4.8,M,,0000*41
$GNRMC,063955.00,A,3101.94971,N,11925.19516,E,6.042,345.48,240326,,,D*73
$GNGGA,063955.00,3101.94971,N,11925.19516,E,2,12,0.53,43.3,M,4.8,M,,0000*45
$GNRMC,063956.00,A,3101.95123,N,11925.19473,E,5.444,346.55,240326,,,D*72
$GNGGA,063956.00,3101.95123,N,11925.19473,E,2,12,0.53,43.3,M,4.8,M,,0000*4A
$GNRMC,063957.00,A,3101.95270,N,11925.19433,E,5.385,346.26,240326,,,D*7C
$GNGGA,063957.00,3101.95270,N,11925.19433,E,2,12,0.53,43.3,M,4.8,M,,0000*4A
$GNRMC,063958.00,A,3101.95423,N,11925.19394,E,5.712,347.91,240326,,,D*7E
$GNGGA,063958.00,3101.95423,N,11925.19394,E,2,12,0.53,43.3,M,4.8,M,,0000*4F
$GNRMC,063959.00,A,3101.95573,N,11925.19355,E,5.425,347.11,240326,,,D*79
$GNGGA,063959.00,3101.95573,N,11925.19355,E,2,12,0.53,43.3,M,4.8,M,,0000*47
$GNRMC,064000.00,A,3101.95717,N,11925.19314,E,5.280,345.69,240326,,,D*7A
$GNGGA,064000.00,3101.95717,N,11925.19314,E,2,12,0.53,43.3,M,4.8,M,,0000*40
$GNRMC,064001.00,A,3101.95855,N,11925.19275,E,4.989,346.42,240326,,,D*7D
$GNGGA,064001.00,3101.95855,N,11925.19275,E,2,12,0.53,43.3,M,4.8,M,,0000*4E
$GNRMC,064002.00,A,3101.95990,N,11925.19241,E,4.923,347.40,240326,,,D*72
$GNGGA,064002.00,3101.95990,N,11925.19241,E,2,12,0.53,43.3,M,4.8,M,,0000*42
$GNRMC,064003.00,A,3101.96129,N,11925.19201,E,5.231,345.81,240326,,,D*78
$GNGGA,064003.00,3101.96129,N,11925.19201,E,2,12,0.53,43.3,M,4.8,M,,0000*4E
$GNRMC,064004.00,A,3101.96267,N,11925.19165,E,4.964,347.27,240326,,,D*73
$GNGGA,064004.00,3101.96267,N,11925.19165,E,2,12,0.53,43.3,M,4.8,M,,0000*41
$GNRMC,064005.00,A,3101.96401,N,11925.19133,E,4.868,348.19,240326,,,D*78
$GNGGA,064005.00,3101.96401,N,11925.19133,E,2,12,0.53,43.3,M,4.8,M,,0000*45
$GNRMC,064006.00,A,3101.96531,N,11925.19101,E,4.663,348.02,240326,,,D*77
$GNGGA,064006.00,3101.96531,N,11925.19101,E,2,12,0.53,43.4,M,4.8,M,,0000*42
$GNRMC,064007.00,A,3101.96663,N,11925.19069,E,4.891,348.28,240326,,,D*76
$GNGGA,064007.00,3101.96663,N,11925.19069,E,2,12,0.53,43.4,M,4.8,M,,0000*48
$GNRMC,064008.00,A,3101.96806,N,11925.19036,E,5.327,348.82,240326,,,D*79
$GNGGA,064008.00,3101.96806,N,11925.19036,E,2,12,0.53,43.5,M,4.8,M,,0000*41
$GNRMC,064009.00,A,3101.96954,N,11925.19002,E,5.214,349.66,240326,,,D*73
$GNGGA,064009.00,3101.96954,N,11925.19002,E,2,12,0.53,43.5,M,4.8,M,,0000*41
$GNRMC,064010.00,A,3101.97100,N,11925.18970,E,5.368,348.97,240326,,,D*7B
$GNGGA,064010.00,3101.97100,N,11925.18970,E,2,12,0.53,43.5,M,4.8,M,,0000*4C
$GNRMC,064011.00,A,3101.97243,N,11925.18935,E,5.207,347.91,240326,,,D*7E
$GNGGA,064011.00,3101.97243,N,11925.18935,E,2,12,0.53,43.6,M,4.8,M,,0000*4B
$GNRMC,064012.00,A,3101.97390,N,11925.18899,E,5.438,348.49,240326,,,D*75
$GNGGA,064012.00,3101.97390,N,11925.18899,E,2,12,0.53,43.6,M,4.8,M,,0000*40
$GNRMC,064013.00,A,3101.97543,N,11925.18856,E,5.704,345.83,240326,,,D*78
$GNGGA,064013.00,3101.97543,N,11925.18856,E,2,12,0.53,43.5,M,4.8,M,,0000*49
$GNRMC,064014.00,A,3101.97694,N,11925.18813,E,5.529,346.35,240326,,,D*74
$GNGGA,064014.00,3101.97694,N,11925.18813,E,2,12,0.53,43.4,M,4.8,M,,0000*47
$GNRMC,064015.00,A,3101.97840,N,11925.18779,E,5.254,348.97,240326,,,D*7A
$GNGGA,064015.00,3101.97840,N,11925.18779,E,2,12,0.53,43.6,M,4.8,M,,0000*40
$GNRMC,064016.00,A,3101.97978,N,11925.18745,E,5.005,347.67,240326,,,D*7A
$GNGGA,064016.00,3101.97978,N,11925.18745,E,2,12,0.53,43.6,M,4.8,M,,0000*46
$GNRMC,064017.00,A,3101.98113,N,11925.18706,E,5.056,345.63,240326,,,D*76
$GNGGA,064017.00,3101.98113,N,11925.18706,E,2,12,0.53,43.6,M,4.8,M,,0000*4A
$GNRMC,064018.00,A,3101.98252,N,11925.18673,E,5.206,348.35,240326,,,D*75
$GNGGA,064018.00,3101.98252,N,11925.18673,E,2,12,0.53,43.7,M,4.8,M,,0000*41
$GNRMC,064019.00,A,3101.98387,N,11925.18641,E,4.886,347.54,240326,,,D*77
$GNGGA,064019.00,3101.98387,N,11925.18641,E,2,12,0.53,43.5,M,4.8,M,,0000*4A
$GNRMC,064020.00,A,3101.98519,N,11925.18604,E,4.885,346.10,240326,,,D*7F
$GNGGA,064020.00,3101.98519,N,11925.18604,E,2,12,0.53,43.6,M,4.8,M,,0000*43
$GNRMC,064021.00,A,3101.98651,N,11925.18569,E,4.877,347.30,240326,,,D*77
$GNGGA,064021.00,3101.98651,N,11925.18569,E,2,12,0.53,43.6,M,4.8,M,,0000*45
$GNRMC,064022.00,A,3101.98791,N,11925.18539,E,5.290,349.09,240326,,,D*7A
$GNGGA,064022.00,3101.98791,N,11925.18539,E,2,12,0.53,43.6,M,4.8,M,,0000*4E
$GNRMC,064023.00,A,3101.98937,N,11925.18500,E,5.371,346.74,240326,,,D*78
$GNGGA,064023.00,3101.98937,N,11925.18500,E,2,12,0.53,43.5,M,4.8,M,,0000*44
$GNRMC,064024.00,A,3101.99076,N,11925.18464,E,5.082,347.04,240326,,,D*78
$GNGGA,064024.00,3101.99076,N,11925.18464,E,2,12,0.53,43.4,M,4.8,M,,0000*4C
$GNRMC,064025.00,A,3101.99210,N,11925.18434,E,4.881,348.63,240326,,,D*7A
$GNGGA,064025.00,3101.99210,N,11925.18434,E,2,12,0.53,43.5,M,4.8,M,,0000*4B
$GNRMC,064026.00,A,3101.99350,N,11925.18399,E,5.268,347.41,240326,,,D*7F
$GNGGA,064026.00,3101.99350,N,11925.18399,E,2,12,0.53,43.6,M,4.8,M,,0000*4E
$GNRMC,064027.00,A,3101.99496,N,11925.18357,E,5.423,345.71,240326,,,D*79
$GNGGA,064027.00,3101.99496,N,11925.18357,E,2,12,0.53,43.6,M,4.8,M,,0000*40
$GNRMC,064028.00,A,3101.99647,N,11925.18321,E,5.597,348.65,240326,,,D*7F
$GNGGA,064028.00,3101.99647,N,11925.18321,E,2,12,0.53,43.6,M,4.8,M,,0000*40
$GNRMC,064029.00,A,3101.99795,N,11925.18284,E,5.415,347.74,240326,,,D*7A
$GNGGA,064029.00,3101.99795,N,11925.18284,E,2,12,0.53,43.6,M,4.8,M,,0000*41
$GNRMC,064030.00,A,3101.99944,N,11925.18239,E,5.544,345.39,240326,,,D*78
$GNGGA,064030.00,3101.99944,N,11925.18239,E,2,12,0.53,43.7,M,4.8,M,,0000*4C
$GNRMC,064031.00,A,3102.00096,N,11925.18198,E,5.588,347.10,240326,,,D*7D
$GNGGA,064031.00,3102.00096,N,11925.18198,E,2,12,0.53,43.7,M,4.8,M,,0000*40
$GNRMC,064032.00,A,3102.00259,N,11925.18162,E,6.107,349.47,240326,,,D*76
$GNGGA,064032.00,3102.00259,N,11925.18162,E,2,12,0.53,43.8,M,4.8,M,,0000*48
$GNRMC,064033.00,A,3102.00427,N,11925.18118,E,6.219,346.77,240326,,,D*75
$GNGGA,064033.00,3102.00427,N,11925.18118,E,2,12,0.53,43.7,M,4.8,M,,0000*44
$GNRMC,064034.00,A,3102.00600,N,11925.18073,E,6.489,347.82,240326,,,D*7D
$GNGGA,064034.00,3102.00600,N,11925.18073,E,2,12,0.53,43.8,M,4.8,M,,0000*47
$GNRMC,064035.00,A,3102.00777,N,11925.18026,E,6.502,347.26,240326,,,D*71
$GNGGA,064035.00,3102.00777,N,11925.18026,E,2,12,0.53,43.9,M,4.8,M,,0000*46
$GNRMC,064036.00,A,3102.00969,N,11925.17975,E,7.337,347.01,240326,,,D*77
$GNGGA,064036.00,3102.00969,N,11925.17975,E,2,12,0.53,43.9,M,4.8,M,,0000*44
$GNRMC,064037.00,A,3102.01183,N,11925.17917,E,8.090,346.87,240326,,,D*71
$GNGGA,064037.00,3102.01183,N,11925.17917,E,2,12,0.53,44.0,M,4.8,M,,0000*42
$GNRMC,064038.00,A,3102.01409,N,11925.17857,E,8.444,347.03,240326,,,D*7C
$GNGGA,064038.00,3102.01409,N,11925.17857,E,2,12,0.53,44.0,M,4.8,M,,0000*4F
$GNRMC,064039.00,A,3102.01646,N,11925.17795,E,8.790,347.45,240326,,,D*7D
$GNGGA,064039.00,3102.01646,N,11925.17795,E,2,12,0.53,44.0,M,4.8,M,,0000*46
$GNRMC,064040.00,A,3102.01887,N,11925.17732,E,8.911,347.41,240326,,,D*7E
$GNGGA,064040.00,3102.01887,N,11925.17732,E,2,12,0.53,44.1,M,4.8,M,,0000*47
$GNRMC,064041.00,A,3102.02124,N,11925.17673,E,8.593,348.01,240326,,,D*75
$GNGGA,064041.00,3102.02124,N,11925.17673,E,2,12,0.53,44.1,M,4.8,M,,0000*41
$GNRMC,064042.00,A,3102.02358,N,11925.17618,E,8.505,348.36,240326,,,D*79
$GNGGA,064042.00,3102.02358,N,11925.17618,E,2,12,0.53,44.1,M,4.8,M,,0000*46
$GNRMC,064043.00,A,3102.02585,N,11925.17563,E,8.221,347.96,240326,,,D*75
$GNGGA,064043.00,3102.02585,N,11925.17563,E,2,12,0.53,44.2,M,4.8,M,,0000*4D
$GNRMC,064044.00,A,3102.02800,N,11925.17500,E,7.868,345.34,240326,,,D*75
$GNGGA,064044.00,3102.02800,N,11925.17500,E,2,12,0.53,44.3,M,4.8,M,,0000*4E
$GNRMC,064045.00,A,3102.02986,N,11925.17399,E,7.134,331.92,240326,,,D*72
$GNGGA,064045.00,3102.02986,N,11925.17399,E,2,12,0.53,44.4,M,4.8,M,,0000*41
$GNRMC,064046.00,A,3102.03127,N,11925.17233,E,7.353,310.23,240326,,,D*78
$GNGGA,064046.00,3102.03127,N,11925.17233,E,2,12,0.53,44.4,M,4.8,M,,0000*41
$GNRMC,064047.00,A,3102.03204,N,11925.16999,E,8.100,286.04,240326,,,D*71
$GNGGA,064047.00,3102.03204,N,11925.16999,E,2,12,0.53,44.5,M,4.8,M,,0000*49
$GNRMC,064048.00,A,3102.03210,N,11925.16725,E,8.843,266.91,240326,,,D*7E
$GNGGA,064048.00,3102.03210,N,11925.16725,E,2,12,0.55,44.5,M,4.8,M,,0000*4C
$GNRMC,064049.00,A,3102.03162,N,11925.16438,E,9.233,256.68,240326,,,D*7F
$GNGGA,064049.00,3102.03162,N,11925.16438,E,2,12,0.53,44.5,M,4.8,M,,0000*42
$GNRMC,064050.00,A,3102.03091,N,11925.16152,E,9.267,253.09,240326,,,D*70
$GNGGA,064050.00,3102.03091,N,11925.16152,E,2,12,0.53,44.5,M,4.8,M,,0000*4E
$GNRMC,064051.00,A,3102.03014,N,11925.15868,E,9.158,252.72,240326,,,D*7D
$GNGGA,064051.00,3102.03014,N,11925.15868,E,2,12,0.53,44.6,M,4.8,M,,0000*42
$GNRMC,064052.00,A,3102.02942,N,11925.15588,E,9.059,253.94,240326,,,D*7F
$GNGGA,064052.00,3102.02942,N,11925.15588,E,2,12,0.53,44.7,M,4.8,M,,0000*48
$GNRMC,064053.00,A,3102.02877,N,11925.15313,E,8.770,254.96,240326,,,D*75
$GNGGA,064053.00,3102.02877,N,11925.15313,E,2,12,0.53,44.8,M,4.8,M,,0000*45
$GNRMC,064054.00,A,3102.02819,N,11925.15047,E,8.366,256.05,240326,,,D*73
$GNGGA,064054.00,3102.02819,N,11925.15047,E,2,12,0.53,44.8,M,4.8,M,,0000*48
$GNRMC,064055.00,A,3102.02772,N,11925.14793,E,7.932,257.82,240326,,,D*75
$GNGGA,064055.00,3102.02772,N,11925.14793,E,2,12,0.53,44.8,M,4.8,M,,0000*44
$GNRMC,064056.00,A,3102.02733,N,11925.14551,E,7.546,260.02,240326,,,D*7C
$GNGGA,064056.00,3102.02733,N,11925.14551,E,2,12,0.55,44.8,M,4.8,M,,0000*48
$GNRMC,064057.00,A,3102.02705,N,11925.14319,E,7.117,261.73,240326,,,D*75
$GNGGA,064057.00,3102.02705,N,11925.14319,E,2,12,0.53,44.8,M,4.8,M,,0000*40
$GNRMC,064058.00,A,3102.02680,N,11925.14107,E,6.461,262.24,240326,,,D*7F
$GNGGA,064058.00,3102.02680,N,11925.14107,E,2,12,0.53,44.8,M,4.8,M,,0000*4E
$GNRMC,064059.00,A,3102.02650,N,11925.13941,E,4.714,257.80,240326,,,D*75
$GNGGA,064059.00,3102.02650,N,11925.13941,E,2,12,0.53,44.9,M,4.8,M,,0000*4E
$GNRMC,064100.00,A,3102.02619,N,11925.13829,E,3.180,253.81,240326,,,D*73
$GNGGA,064100.00,3102.02619,N,11925.13829,E,2,12,0.53,44.9,M,4.8,M,,0000*41
$GNRMC,064101.00,A,3102.02595,N,11925.13762,E,1.859,251.78,240326,,,D*7E
$GNGGA,064101.00,3102.02595,N,11925.13762,E,2,12,0.53,45.0,M,4.8,M,,0000*4F
$GNRMC,064102.00,A,3102.02589,N,11925.13746,E,0.062,,240326,,,D*60
$GNGGA,064102.00,3102.02589,N,11925.13746,E,2,12,0.53,45.1,M,4.8,M,,0000*46
$GNRMC,064103.00,A,3102.02590,N,11925.13751,E,0.198,,240326,,,D*6B
$GNGGA,064103.00,3102.02590,N,11925.13751,E,2,12,0.53,45.1,M,4.8,M,,0000*49
$GNRMC,064104.00,A,3102.02596,N,11925.13775,E,1.004,298.41,240326,,,D*71
$GNGGA,064104.00,3102.02596,N,11925.13775,E,2,12,0.53,45.1,M,4.8,M,,0000*4E
$GNRMC,064105.00,A,3102.02611,N,11925.13814,E,1.438,20.14,240326,,,D*4E
$GNGGA,064105.00,3102.02611,N,11925.13814,E,2,12,0.53,45.1,M,4.8,M,,0000*4B
$GNRMC,064106.00,A,3102.02639,N,11925.13858,E,1.810,40.62,240326,,,D*4E
$GNGGA,064106.00,3102.02639,N,11925.13858,E,2,12,0.53,45.1,M,4.8,M,,0000*4A
$GNRMC,064107.00,A,3102.02675,N,11925.13903,E,1.926,40.52,240326,,,D*4F
$GNGGA,064107.00,3102.02675,N,11925.13903,E,2,12,0.53,45.1,M,4.8,M,,0000*4C
$GNRMC,064108.00,A,3102.02721,N,11925.13938,E,1.947,34.02,240326,,,D*49
$GNGGA,064108.00,3102.02721,N,11925.13938,E,2,12,0.53,45.1,M,4.8,M,,0000*4B
$GNRMC,064109.00,A,3102.02771,N,11925.13961,E,1.959,24.02,240326,,,D*4F
$GNGGA,064109.00,3102.02771,N,11925.13961,E,2,12,0.53,45.1,M,4.8,M,,0000*43
$GNRMC,064110.00,A,3102.02822,N,11925.13971,E,1.834,13.43,240326,,,D*44
$GNGGA,064110.00,3102.02822,N,11925.13971,E,2,12,0.53,45.1,M,4.8,M,,0000*43
$GNRMC,064111.00,A,3102.02865,N,11925.13970,E,1.460,5.10,240326,,,D*7B
$GNGGA,064111.00,3102.02865,N,11925.13970,E,2,12,0.53,45.1,M,4.8,M,,0000*40
$GNRMC,064112.00,A,3102.02901,N,11925.13965,E,1.361,355.55,240326,,,D*7E
$GNGGA,064112.00,3102.02901,N,11925.13965,E,2,12,0.53,45.0,M,4.8,M,,0000*45
$GNRMC,064113.00,A,3102.02938,N,11925.13951,E,1.370,347.29,240326,,,D*7A
$GNGGA,064113.00,3102.02938,N,11925.13951,E,2,12,0.53,45.0,M,4.8,M,,0000*49
$GNRMC,064114.00,A,3102.02969,N,11925.13938,E,1.112,343.73,240326,,,D*7B
$GNGGA,064114.00,3102.02969,N,11925.13938,E,2,12,0.53,45.1,M,4.8,M,,0000*44
$GNRMC,064115.00,A,3102.02991,N,11925.13930,E,0.650,343.71,240326,,,D*77
$GNGGA,064115.00,3102.02991,N,11925.13930,E,2,12,0.53,45.1,M,4.8,M,,0000*4A
$GNRMC,064116.00,A,3102.03016,N,11925.13922,E,0.992,345.53,240326,,,D*77
$GNGGA,064116.00,3102.03016,N,11925.13922,E,2,12,0.53,45.2,M,4.8,M,,0000*4E
$GNRMC,064117.00,A,3102.03044,N,11925.13914,E,1.042,345.84,240326,,,D*7B
$GNGGA,064117.00,3102.03044,N,11925.13914,E,2,12,0.53,45.2,M,4.8,M,,0000*4D
$GNRMC,064118.00,A,3102.03052,N,11925.13913,E,0.032,,240326,,,D*62
$GNGGA,064118.00,3102.03052,N,11925.13913,E,2,12,0.53,45.2,M,4.8,M,,0000*42
$GNRMC,064119.00,A,3102.03051,N,11925.13914,E,0.021,,240326,,,D*65
$GNGGA,064119.00,3102.03051,N,11925.13914,E,2,12,0.53,45.2,M,4.8,M,,0000*47
$GNRMC,064120.00,A,3102.03051,N,11925.13915,E,0.020,,240326,,,D*6F
$GNGGA,064120.00,3102.03051,N,11925.13915,E,2,12,0.53,45.2,M,4.8,M,,0000*4C
$GNRMC,064121.00,A,3102.03050,N,11925.13916,E,0.011,,240326,,,D*6E
$GNGGA,064121.00,3102.03050,N,11925.13916,E,2,12,0.53,45.2,M,4.8,M,,0000*4F
$GNRMC,064122.00,A,3102.03050,N,11925.13917,E,0.020,,240326,,,D*6E
$GNGGA,064122.00,3102.03050,N,11925.13917,E,2,12,0.53,45.2,M,4.8,M,,0000*4D
$GNRMC,064123.00,A,3102.03050,N,11925.13918,E,0.015,,240326,,,D*66
$GNGGA,064123.00,3102.03050,N,11925.13918,E,2,12,0.53,45.2,M,4.8,M,,0000*43
$GNRMC,064124.00,A,3102.03050,N,11925.13920,E,0.025,,240326,,,D*69
$GNGGA,064124.00,3102.03050,N,11925.13920,E,2,12,0.53,45.2,M,4.8,M,,0000*4F
$GNRMC,064125.00,A,3102.03049,N,11925.13921,E,0.005,,240326,,,D*63
$GNGGA,064125.00,3102.03049,N,11925.13921,E,2,12,0.53,45.2,M,4.8,M,,0000*47
$GNRMC,064126.00,A,3102.03048,N,11925.13922,E,0.013,,240326,,,D*65
$GNGGA,064126.00,3102.03048,N,11925.13922,E,2,12,0.53,45.2,M,4.8,M,,0000*46
$GNRMC,064127.00,A,3102.03046,N,11925.13923,E,0.021,,240326,,,D*6A
$GNGGA,064127.00,3102.03046,N,11925.13923,E,2,12,0.53,45.2,M,4.8,M,,0000*48
$GNRMC,064128.00,A,3102.03045,N,11925.13924,E,0.019,,240326,,,D*6A
$GNGGA,064128.00,3102.03045,N,11925.13924,E,2,12,0.53,45.1,M,4.8,M,,0000*40
$GNRMC,064129.00,A,3102.03043,N,11925.13925,E,0.012,,240326,,,D*67
$GNGGA,064129.00,3102.03043,N,11925.13925,E,2,12,0.53,45.1,M,4.8,M,,0000*46
$GNRMC,064130.00,A,3102.03042,N,11925.13927,E,0.013,,240326,,,D*6D
$GNGGA,064130.00,3102.03042,N,11925.13927,E,2,12,0.53,45.1,M,4.8,M,,0000*4D
$GNRMC,064131.00,A,3102.03041,N,11925.13929,E,0.006,,240326,,,D*65
$GNGGA,064131.00,3102.03041,N,11925.13929,E,2,12,0.53,45.1,M,4.8,M,,0000*41
$GNRMC,064132.00,A,3102.03041,N,11925.13930,E,0.008,,240326,,,D*60
$GNGGA,064132.00,3102.03041,N,11925.13930,E,2,12,0.53,45.1,M,4.8,M,,0000*4A
$GNRMC,064133.00,A,3102.03041,N,11925.13931,E,0.023,,240326,,,D*69
$GNGGA,064133.00,3102.03041,N,11925.13931,E,2,12,0.53,45.1,M,4.8,M,,0000*4A
